Component: ARM Compiler 5.06 update 7 (build 960) Tool: armlink [4d3601]

==============================================================================

Section Cross References

    startup_stm32f303xe.o(STACK) refers (Special) to heapauxi.o(.text) for __use_two_region_memory
    startup_stm32f303xe.o(HEAP) refers (Special) to heapauxi.o(.text) for __use_two_region_memory
    startup_stm32f303xe.o(RESET) refers (Special) to heapauxi.o(.text) for __use_two_region_memory
    startup_stm32f303xe.o(RESET) refers to startup_stm32f303xe.o(STACK) for __initial_sp
    startup_stm32f303xe.o(RESET) refers to startup_stm32f303xe.o(.text) for Reset_Handler
    startup_stm32f303xe.o(RESET) refers to stm32f3xx_it.o(i.NMI_Handler) for NMI_Handler
    startup_stm32f303xe.o(RESET) refers to stm32f3xx_it.o(i.HardFault_Handler) for HardFault_Handler
    startup_stm32f303xe.o(RESET) refers to stm32f3xx_it.o(i.MemManage_Handler) for MemManage_Handler
    startup_stm32f303xe.o(RESET) refers to stm32f3xx_it.o(i.BusFault_Handler) for BusFault_Handler
    startup_stm32f303xe.o(RESET) refers to stm32f3xx_it.o(i.UsageFault_Handler) for UsageFault_Handler
    startup_stm32f303xe.o(RESET) refers to stm32f3xx_it.o(i.SVC_Handler) for SVC_Handler
    startup_stm32f303xe.o(RESET) refers to stm32f3xx_it.o(i.DebugMon_Handler) for DebugMon_Handler
    startup_stm32f303xe.o(RESET) refers to stm32f3xx_it.o(i.PendSV_Handler) for PendSV_Handler
    startup_stm32f303xe.o(RESET) refers to stm32f3xx_it.o(i.SysTick_Handler) for SysTick_Handler
    startup_stm32f303xe.o(RESET) refers to stm32f3xx_it.o(i.USB_LP_CAN_RX0_IRQHandler) for USB_LP_CAN_RX0_IRQHandler
    startup_stm32f303xe.o(RESET) refers to stm32f3xx_it.o(i.TIM3_IRQHandler) for TIM3_IRQHandler
    startup_stm32f303xe.o(RESET) refers to stm32f3xx_it.o(i.DMA2_Channel1_IRQHandler) for DMA2_Channel1_IRQHandler
    startup_stm32f303xe.o(.text) refers (Special) to heapauxi.o(.text) for __use_two_region_memory
    startup_stm32f303xe.o(.text) refers to system_stm32f3xx.o(i.SystemInit) for SystemInit
    startup_stm32f303xe.o(.text) refers to __main.o(!!!main) for __main
    startup_stm32f303xe.o(.text) refers to startup_stm32f303xe.o(HEAP) for Heap_Mem
    startup_stm32f303xe.o(.text) refers to startup_stm32f303xe.o(STACK) for Stack_Mem
    bms_lv.o(i.CAN_Msg_Send) refers to bms_lv.o(i.delay_fun) for delay_fun
    bms_lv.o(i.CAN_Msg_Send) refers to stm32f3xx_hal_can.o(i.HAL_CAN_ResetError) for HAL_CAN_ResetError
    bms_lv.o(i.CAN_Msg_Send) refers to stm32f3xx_hal_can.o(i.HAL_CAN_AbortTxRequest) for HAL_CAN_AbortTxRequest
    bms_lv.o(i.CAN_Msg_Send) refers to stm32f3xx_hal_can.o(i.HAL_CAN_GetTxMailboxesFreeLevel) for HAL_CAN_GetTxMailboxesFreeLevel
    bms_lv.o(i.CAN_Msg_Send) refers to stm32f3xx_hal_can.o(i.HAL_CAN_AddTxMessage) for HAL_CAN_AddTxMessage
    bms_lv.o(i.CAN_Msg_Send) refers to bms_lv.o(.data) for .data
    bms_lv.o(i.CAN_Tx) refers to bms_lv.o(i.CAN_Msg_Send) for CAN_Msg_Send
    bms_lv.o(i.CAN_Tx) refers to bms_lv.o(.bss) for .bss
    bms_lv.o(i.CAN_Tx) refers to bms_lv.o(.data) for .data
    bms_lv.o(i.CAN_Tx) refers to main.o(.data) for TxMailbox
    bms_lv.o(i.CAN_Tx) refers to main.o(.bss) for hcan
    bms_lv.o(i.CoreBmsLV) refers to bms_lv.o(i.delay_fun) for delay_fun
    bms_lv.o(i.CoreBmsLV) refers to stm32f3xx_hal_adc_ex.o(i.HAL_ADC_Start_DMA) for HAL_ADC_Start_DMA
    bms_lv.o(i.CoreBmsLV) refers to stm32f3xx_hal_gpio.o(i.HAL_GPIO_TogglePin) for HAL_GPIO_TogglePin
    bms_lv.o(i.CoreBmsLV) refers to bms_lv.o(i.Uart_Send_CMD) for Uart_Send_CMD
    bms_lv.o(i.CoreBmsLV) refers to main.o(i.Notify_Error) for Notify_Error
    bms_lv.o(i.CoreBmsLV) refers to bms_lv.o(i.GetVoltagesandTemperature) for GetVoltagesandTemperature
    bms_lv.o(i.CoreBmsLV) refers to bms_lv.o(i.CAN_Tx) for CAN_Tx
    bms_lv.o(i.CoreBmsLV) refers to bms_lv.o(.data) for .data
    bms_lv.o(i.CoreBmsLV) refers to main.o(.bss) for hadc2
    bms_lv.o(i.CoreBmsLV) refers to main.o(.data) for TxMailbox
    bms_lv.o(i.GetVoltagesandTemperature) refers to bms_lv.o(i.Uart_Send_CMD) for Uart_Send_CMD
    bms_lv.o(i.GetVoltagesandTemperature) refers to main.o(i.Notify_Error) for Notify_Error
    bms_lv.o(i.GetVoltagesandTemperature) refers to stm32f3xx_hal_uart.o(i.HAL_UART_Receive) for HAL_UART_Receive
    bms_lv.o(i.GetVoltagesandTemperature) refers to f2d.o(x$fpl$f2d) for __aeabi_f2d
    bms_lv.o(i.GetVoltagesandTemperature) refers to log.o(i.__hardfp_log) for __hardfp_log
    bms_lv.o(i.GetVoltagesandTemperature) refers to dmul.o(x$fpl$dmul) for __aeabi_dmul
    bms_lv.o(i.GetVoltagesandTemperature) refers to daddsub_clz.o(x$fpl$dadd) for __aeabi_dadd
    bms_lv.o(i.GetVoltagesandTemperature) refers to ddiv.o(x$fpl$ddiv) for __aeabi_ddiv
    bms_lv.o(i.GetVoltagesandTemperature) refers to dfixu.o(x$fpl$dfixu) for __aeabi_d2uiz
    bms_lv.o(i.GetVoltagesandTemperature) refers to main.o(.data) for TxMailbox
[...]
    i.HAL_CAN_SleepCallback                  0x08001af0   Section        0  stm32f3xx_hal_can.o(i.HAL_CAN_SleepCallback)
    i.HAL_CAN_Start                          0x08001af4   Section        0  stm32f3xx_hal_can.o(i.HAL_CAN_Start)
    i.HAL_CAN_TxMailbox0AbortCallback        0x08001b4c   Section        0  stm32f3xx_hal_can.o(i.HAL_CAN_TxMailbox0AbortCallback)
    i.HAL_CAN_TxMailbox0CompleteCallback     0x08001b4e   Section        0  stm32f3xx_hal_can.o(i.HAL_CAN_TxMailbox0CompleteCallback)
    i.HAL_CAN_TxMailbox1AbortCallback        0x08001b50   Section        0  stm32f3xx_hal_can.o(i.HAL_CAN_TxMailbox1AbortCallback)
    i.HAL_CAN_TxMailbox1CompleteCallback     0x08001b52   Section        0  stm32f3xx_hal_can.o(i.HAL_CAN_TxMailbox1CompleteCallback)
    i.HAL_CAN_TxMailbox2AbortCallback        0x08001b54   Section        0  stm32f3xx_hal_can.o(i.HAL_CAN_TxMailbox2AbortCallback)
    i.HAL_CAN_TxMailbox2CompleteCallback     0x08001b56   Section        0  stm32f3xx_hal_can.o(i.HAL_CAN_TxMailbox2CompleteCallback)
    i.HAL_CAN_WakeUpFromRxMsgCallback        0x08001b58   Section        0  stm32f3xx_hal_can.o(i.HAL_CAN_WakeUpFromRxMsgCallback)
    i.HAL_DMA_IRQHandler                     0x08001b5a   Section        0  stm32f3xx_hal_dma.o(i.HAL_DMA_IRQHandler)
    i.HAL_DMA_Init                           0x08001c02   Section        0  stm32f3xx_hal_dma.o(i.HAL_DMA_Init)
    i.HAL_DMA_Start_IT                       0x08001c50   Section        0  stm32f3xx_hal_dma.o(i.HAL_DMA_Start_IT)
    i.HAL_Delay                              0x08001cc0   Section        0  stm32f3xx_hal.o(i.HAL_Delay)
    i.HAL_GPIO_Init                          0x08001ce4   Section        0  stm32f3xx_hal_gpio.o(i.HAL_GPIO_Init)
    i.HAL_GPIO_TogglePin                     0x08001eb4   Section        0  stm32f3xx_hal_gpio.o(i.HAL_GPIO_TogglePin)
    i.HAL_GPIO_WritePin                      0x08001ec4   Section        0  stm32f3xx_hal_gpio.o(i.HAL_GPIO_WritePin)
    i.HAL_GetTick                            0x08001ed0   Section        0  stm32f3xx_hal.o(i.HAL_GetTick)
    i.HAL_IncTick                            0x08001edc   Section        0  stm32f3xx_hal.o(i.HAL_IncTick)
    i.HAL_Init                               0x08001eec   Section        0  stm32f3xx_hal.o(i.HAL_Init)
    i.HAL_InitTick                           0x08001f10   Section        0  stm32f3xx_hal.o(i.HAL_InitTick)
    i.HAL_MspInit                            0x08001f50   Section        0  stm32f3xx_hal_msp.o(i.HAL_MspInit)
    i.HAL_NVIC_EnableIRQ                     0x08001f7c   Section        0  stm32f3xx_hal_cortex.o(i.HAL_NVIC_EnableIRQ)
    i.HAL_NVIC_SetPriority                   0x08001f98   Section        0  stm32f3xx_hal_cortex.o(i.HAL_NVIC_SetPriority)
    i.HAL_NVIC_SetPriorityGrouping           0x08001fd8   Section        0  stm32f3xx_hal_cortex.o(i.HAL_NVIC_SetPriorityGrouping)
    i.HAL_RCCEx_PeriphCLKConfig              0x08001ffc   Section        0  stm32f3xx_hal_rcc_ex.o(i.HAL_RCCEx_PeriphCLKConfig)
    i.HAL_RCC_CSSCallback                    0x08002290   Section        0  stm32f3xx_hal_rcc.o(i.HAL_RCC_CSSCallback)
    i.HAL_RCC_ClockConfig                    0x08002294   Section        0  stm32f3xx_hal_rcc.o(i.HAL_RCC_ClockConfig)
    i.HAL_RCC_EnableCSS                      0x080023dc   Section        0  stm32f3xx_hal_rcc.o(i.HAL_RCC_EnableCSS)
    i.HAL_RCC_GetPCLK1Freq                   0x080023f4   Section        0  stm32f3xx_hal_rcc.o(i.HAL_RCC_GetPCLK1Freq)
    i.HAL_RCC_GetPCLK2Freq                   0x08002424   Section        0  stm32f3xx_hal_rcc.o(i.HAL_RCC_GetPCLK2Freq)
    i.HAL_RCC_GetSysClockFreq                0x08002454   Section        0  stm32f3xx_hal_rcc.o(i.HAL_RCC_GetSysClockFreq)
    i.HAL_RCC_NMI_IRQHandler                 0x080024b4   Section        0  stm32f3xx_hal_rcc.o(i.HAL_RCC_NMI_IRQHandler)
    i.HAL_RCC_OscConfig                      0x080024cc   Section        0  stm32f3xx_hal_rcc.o(i.HAL_RCC_OscConfig)
    i.HAL_SYSTICK_Config                     0x08002a8c   Section        0  stm32f3xx_hal_cortex.o(i.HAL_SYSTICK_Config)
    i.HAL_TIMEx_Break2Callback               0x08002ab4   Section        0  stm32f3xx_hal_tim_ex.o(i.HAL_TIMEx_Break2Callback)
    i.HAL_TIMEx_BreakCallback                0x08002ab6   Section        0  stm32f3xx_hal_tim_ex.o(i.HAL_TIMEx_BreakCallback)
    i.HAL_TIMEx_CommutCallback               0x08002ab8   Section        0  stm32f3xx_hal_tim_ex.o(i.HAL_TIMEx_CommutCallback)
    i.HAL_TIMEx_MasterConfigSynchronization  0x08002abc   Section        0  stm32f3xx_hal_tim_ex.o(i.HAL_TIMEx_MasterConfigSynchronization)
    i.HAL_TIM_Base_Init                      0x08002b5c   Section        0  stm32f3xx_hal_tim.o(i.HAL_TIM_Base_Init)
    i.HAL_TIM_Base_MspInit                   0x08002bc0   Section        0  stm32f3xx_hal_msp.o(i.HAL_TIM_Base_MspInit)
    i.HAL_TIM_Base_Start_IT                  0x08002bfc   Section        0  stm32f3xx_hal_tim.o(i.HAL_TIM_Base_Start_IT)
    i.HAL_TIM_ConfigClockSource              0x08002c7c   Section        0  stm32f3xx_hal_tim.o(i.HAL_TIM_ConfigClockSource)
    i.HAL_TIM_IC_CaptureCallback             0x08002d58   Section        0  stm32f3xx_hal_tim.o(i.HAL_TIM_IC_CaptureCallback)
    i.HAL_TIM_IRQHandler                     0x08002d5a   Section        0  stm32f3xx_hal_tim.o(i.HAL_TIM_IRQHandler)
    i.HAL_TIM_OC_DelayElapsedCallback        0x08002ede   Section        0  stm32f3xx_hal_tim.o(i.HAL_TIM_OC_DelayElapsedCallback)
    i.HAL_TIM_PWM_PulseFinishedCallback      0x08002ee0   Section        0  stm32f3xx_hal_tim.o(i.HAL_TIM_PWM_PulseFinishedCallback)
    i.HAL_TIM_PeriodElapsedCallback          0x08002ee4   Section        0  bms_lv.o(i.HAL_TIM_PeriodElapsedCallback)
    i.HAL_TIM_TriggerCallback                0x08002f00   Section        0  stm32f3xx_hal_tim.o(i.HAL_TIM_TriggerCallback)
    i.HAL_UART_Init                          0x08002f02   Section        0  stm32f3xx_hal_uart.o(i.HAL_UART_Init)
    i.HAL_UART_MspInit                       0x08002f68   Section        0  stm32f3xx_hal_msp.o(i.HAL_UART_MspInit)
    i.HAL_UART_Receive                       0x0800300c   Section        0  stm32f3xx_hal_uart.o(i.HAL_UART_Receive)
    i.HAL_UART_Transmit                      0x08003104   Section        0  stm32f3xx_hal_uart.o(i.HAL_UART_Transmit)
    i.HardFault_Handler                      0x080031ba   Section        0  stm32f3xx_it.o(i.HardFault_Handler)
    i.LedBlinking                            0x080031bc   Section        0  bms_lv.o(i.LedBlinking)
    i.MX_ADC2_Init                           0x080031e0   Section        0  main.o(i.MX_ADC2_Init)
    MX_ADC2_Init                             0x080031e1   Thumb Code    98  main.o(i.MX_ADC2_Init)
    i.MX_CAN_Init                            0x0800324c   Section        0  main.o(i.MX_CAN_Init)
    MX_CAN_Init                              0x0800324d   Thumb Code    98  main.o(i.MX_CAN_Init)
    i.MX_GPIO_Init                           0x080032c0   Section        0  main.o(i.MX_GPIO_Init)
    MX_GPIO_Init                             0x080032c1   Thumb Code   268  main.o(i.MX_GPIO_Init)
    i.MX_TIM3_Init                           0x080033dc   Section        0  main.o(i.MX_TIM3_Init)
    MX_TIM3_Init                             0x080033dd   Thumb Code    86  main.o(i.MX_TIM3_Init)
    i.MX_USART1_UART_Init                    0x0800343c   Section        0  main.o(i.MX_USART1_UART_Init)
    MX_USART1_UART_Init                      0x0800343d   Thumb Code    48  main.o(i.MX_USART1_UART_Init)
    i.MX_USART2_UART_Init                    0x08003474   Section        0  main.o(i.MX_USART2_UART_Init)
    MX_USART2_UART_Init                      0x08003475   Thumb Code    46  main.o(i.MX_USART2_UART_Init)
    i.MemManage_Handler                      0x080034b0   Section        0  stm32f3xx_it.o(i.MemManage_Handler)
    i.NMI_Handler                            0x080034b2   Section        0  stm32f3xx_it.o(i.NMI_Handler)
    i.Notify_Error                           0x080034b8   Section        0  main.o(i.Notify_Error)
    i.PendSV_Handler                         0x0800350c   Section        0  stm32f3xx_it.o(i.PendSV_Handler)
    i.Ping_Mng                               0x08003510   Section        0  bms_lv.o(i.Ping_Mng)
    i.SVC_Handler                            0x0800355c   Section        0  stm32f3xx_it.o(i.SVC_Handler)
    i.SetupBmsLV                             0x08003560   Section        0  bms_lv.o(i.SetupBmsLV)
    i.SysTick_Handler                        0x080037e4   Section        0  stm32f3xx_it.o(i.SysTick_Handler)
    i.SystemClock_Config                     0x080037e8   Section        0  main.o(i.SystemClock_Config)
    i.SystemInit                             0x08003864   Section        0  system_stm32f3xx.o(i.SystemInit)
    i.TIM3_IRQHandler                        0x08003874   Section        0  stm32f3xx_it.o(i.TIM3_IRQHandler)
    i.TIM_Base_SetConfig                     0x08003880   Section        0  stm32f3xx_hal_tim.o(i.TIM_Base_SetConfig)
    i.TIM_ETR_SetConfig                      0x08003944   Section        0  stm32f3xx_hal_tim.o(i.TIM_ETR_SetConfig)
    i.TIM_ITRx_SetConfig                     0x08003958   Section        0  stm32f3xx_hal_tim.o(i.TIM_ITRx_SetConfig)
    TIM_ITRx_SetConfig                       0x08003959   Thumb Code    16  stm32f3xx_hal_tim.o(i.TIM_ITRx_SetConfig)
    i.TIM_TI1_ConfigInputStage               0x08003968   Section        0  stm32f3xx_hal_tim.o(i.TIM_TI1_ConfigInputStage)
    TIM_TI1_ConfigInputStage                 0x08003969   Thumb Code    34  stm32f3xx_hal_tim.o(i.TIM_TI1_ConfigInputStage)
    i.TIM_TI2_ConfigInputStage               0x0800398a   Section        0  stm32f3xx_hal_tim.o(i.TIM_TI2_ConfigInputStage)
    TIM_TI2_ConfigInputStage                 0x0800398b   Thumb Code    36  stm32f3xx_hal_tim.o(i.TIM_TI2_ConfigInputStage)
    i.UART_AdvFeatureConfig                  0x080039ae   Section        0  stm32f3xx_hal_uart.o(i.UART_AdvFeatureConfig)
    i.UART_CheckIdleState                    0x08003a76   Section        0  stm32f3xx_hal_uart.o(i.UART_CheckIdleState)
    i.UART_SetConfig                         0x08003ad4   Section        0  stm32f3xx_hal_uart.o(i.UART_SetConfig)
    i.UART_WaitOnFlagUntilTimeout            0x08003c9c   Section        0  stm32f3xx_hal_uart.o(i.UART_WaitOnFlagUntilTimeout)
    i.USB_LP_CAN_RX0_IRQHandler              0x08003d40   Section        0  stm32f3xx_it.o(i.USB_LP_CAN_RX0_IRQHandler)
    i.Uart_Send_CMD                          0x08003d4c   Section        0  bms_lv.o(i.Uart_Send_CMD)
    i.UsageFault_Handler                     0x08003dc0   Section        0  stm32f3xx_it.o(i.UsageFault_Handler)
    i.__NVIC_SetPriority                     0x08003dc2   Section        0  stm32f3xx_hal_cortex.o(i.__NVIC_SetPriority)
    __NVIC_SetPriority                       0x08003dc3   Thumb Code    32  stm32f3xx_hal_cortex.o(i.__NVIC_SetPriority)
    i.__hardfp_log                           0x08003de8   Section        0  log.o(i.__hardfp_log)
    i.__kernel_poly                          0x080041ac   Section        0  poly.o(i.__kernel_poly)
    i.__mathlib_dbl_divzero                  0x080042a8   Section        0  dunder.o(i.__mathlib_dbl_divzero)
    i.__mathlib_dbl_infnan                   0x080042d8   Section        0  dunder.o(i.__mathlib_dbl_infnan)
    i.__mathlib_dbl_invalid                  0x080042f0   Section        0  dunder.o(i.__mathlib_dbl_invalid)
    i.crc16                                  0x08004310   Section        0  bms_lv.o(i.crc16)
    i.delay_fun                              0x08004334   Section        0  bms_lv.o(i.delay_fun)
    i.main                                   0x08004360   Section        0  main.o(i.main)
    x$fpl$basic                              0x080043d4   Section       24  basic.o(x$fpl$basic)
    $v0                                      0x080043d4   Number         0  basic.o(x$fpl$basic)
    x$fpl$dadd                               0x080043ec   Section      336  daddsub_clz.o(x$fpl$dadd)
    $v0                                      0x080043ec   Number         0  daddsub_clz.o(x$fpl$dadd)
    _dadd1                                   0x080043fd   Thumb Code     0  daddsub_clz.o(x$fpl$dadd)
    x$fpl$dcmpinf                            0x0800453c   Section       24  dcmpi.o(x$fpl$dcmpinf)
    $v0                                      0x0800453c   Number         0  dcmpi.o(x$fpl$dcmpinf)
    x$fpl$ddiv                               0x08004554   Section      688  ddiv.o(x$fpl$ddiv)
    $v0                                      0x08004554   Number         0  ddiv.o(x$fpl$ddiv)
    ddiv_entry                               0x0800455b   Thumb Code     0  ddiv.o(x$fpl$ddiv)
    x$fpl$deqf                               0x08004804   Section      120  deqf.o(x$fpl$deqf)
    $v0                                      0x08004804   Number         0  deqf.o(x$fpl$deqf)
    x$fpl$dfixu                              0x0800487c   Section       90  dfixu.o(x$fpl$dfixu)
    $v0                                      0x0800487c   Number         0  dfixu.o(x$fpl$dfixu)
    x$fpl$dflt                               0x080048d6   Section       46  dflt_clz.o(x$fpl$dflt)
    $v0                                      0x080048d6   Number         0  dflt_clz.o(x$fpl$dflt)
    x$fpl$dmul                               0x08004904   Section      340  dmul.o(x$fpl$dmul)
    $v0                                      0x08004904   Number         0  dmul.o(x$fpl$dmul)
    x$fpl$dnaninf                            0x08004a58   Section      156  dnaninf.o(x$fpl$dnaninf)
    $v0                                      0x08004a58   Number         0  dnaninf.o(x$fpl$dnaninf)
    x$fpl$dretinf                            0x08004af4   Section       12  dretinf.o(x$fpl$dretinf)
    $v0                                      0x08004af4   Number         0  dretinf.o(x$fpl$dretinf)
    x$fpl$drsb                               0x08004b00   Section       22  daddsub_clz.o(x$fpl$drsb)
    $v0                                      0x08004b00   Number         0  daddsub_clz.o(x$fpl$drsb)
    x$fpl$dsub                               0x08004b18   Section      468  daddsub_clz.o(x$fpl$dsub)
    $v0                                      0x08004b18   Number         0  daddsub_clz.o(x$fpl$dsub)
    _dsub1                                   0x08004b29   Thumb Code     0  daddsub_clz.o(x$fpl$dsub)
    x$fpl$f2d                                0x08004cec   Section       86  f2d.o(x$fpl$f2d)
    $v0                                      0x08004cec   Number         0  f2d.o(x$fpl$f2d)
    x$fpl$fnaninf                            0x08004d42   Section      140  fnaninf.o(x$fpl$fnaninf)
    $v0                                      0x08004d42   Number         0  fnaninf.o(x$fpl$fnaninf)
    x$fpl$fpinit                             0x08004dce   Section       10  fpinit.o(x$fpl$fpinit)
    $v0                                      0x08004dce   Number         0  fpinit.o(x$fpl$fpinit)
    .constdata                               0x08004dd8   Section       32  stm32f3xx_hal_rcc.o(.constdata)
    x$fpl$usenofp                            0x08004dd8   Section        0  usenofp.o(x$fpl$usenofp)
    .constdata                               0x08004df8   Section       16  system_stm32f3xx.o(.constdata)
    .constdata                               0x08004e08   Section        8  system_stm32f3xx.o(.constdata)
    .constdata                               0x08004e10   Section       56  log.o(.constdata)
    Lg2                                      0x08004e10   Data          24  log.o(.constdata)
    Lg                                       0x08004e28   Data          32  log.o(.constdata)
    .constdata                               0x08004e48   Section        8  qnan.o(.constdata)
    .data                                    0x20000000   Section      564  bms_lv.o(.data)
    delay_100us_last_can                     0x2000000c   Data           4  bms_lv.o(.data)
    can_counter_100us                        0x20000010   Data           4  bms_lv.o(.data)
    delay_100us_last                         0x20000014   Data           4  bms_lv.o(.data)
    delay_100us_last_can                     0x20000018   Data           4  bms_lv.o(.data)
    .data                                    0x20000234   Section        4  main.o(.data)
    .data                                    0x20000238   Section       12  stm32f3xx_hal.o(.data)
    .data                                    0x20000244   Section        4  system_stm32f3xx.o(.data)
    .bss                                     0x20000248   Section      124  bms_lv.o(.bss)
    .bss                                     0x200002c4   Section      500  main.o(.bss)
    .bss                                     0x200004b8   Section       68  main.o(.bss)
    .bss                                     0x200004fc   Section       96  libspace.o(.bss)
    HEAP                                     0x20000560   Section      512  startup_stm32f303xe.o(HEAP)
    Heap_Mem                                 0x20000560   Data         512  startup_stm32f303xe.o(HEAP)
    STACK                                    0x20000760   Section     1024  startup_stm32f303xe.o(STACK)
    Stack_Mem                                0x20000760   Data        1024  startup_stm32f303xe.o(STACK)
    __initial_sp                             0x20000b60   Data           0  startup_stm32f303xe.o(STACK)

    Global Symbols

    Symbol Name                              Value     Ov Type        Size  Object(Section)

    BuildAttributes$$THM_ISAv4$E$P$D$K$B$S$7EM$VFPi3$EXTD16$VFPS$VFMA$PE$A:L22UL41UL21$X:L11$S22US41US21$IEEE1$IW$USESV6$~STKCKD$USESV7$~SHL$OTIME$ROPI$IEEEX$EBA8$UX$STANDARDLIB$REQ8$PRES8$EABIv2 0x00000000   Number         0  anon$$obj.o ABSOLUTE
    __ARM_use_no_argv                        0x00000000   Number         0  main.o ABSOLUTE
    __ARM_exceptions_init                     - Undefined Weak Reference
    __alloca_initialize                       - Undefined Weak Reference
    __arm_fini_                               - Undefined Weak Reference
    __arm_preinit_                            - Undefined Weak Reference
    __cpp_initialize__aeabi_                  - Undefined Weak Reference
    __cxa_finalize                            - Undefined Weak Reference
    __rt_locale                               - Undefined Weak Reference
    __sigvec_lookup                           - Undefined Weak Reference
    __user_heap_extent                        - Undefined Weak Reference
    _atexit_init                              - Undefined Weak Reference
    _call_atexit_fns                          - Undefined Weak Reference
    _clock_init                               - Undefined Weak Reference
    _fp_trap_init                             - Undefined Weak Reference
    _fp_trap_shutdown                         - Undefined Weak Reference
    _get_lc_collate                           - Undefined Weak Reference
    _get_lc_ctype                             - Undefined Weak Reference
    _get_lc_monetary                          - Undefined Weak Reference
    _get_lc_numeric                           - Undefined Weak Reference
    _get_lc_time                              - Undefined Weak Reference
    _getenv_init                              - Undefined Weak Reference
    _handle_redirection                       - Undefined Weak Reference
    _initio                                   - Undefined Weak Reference
    _mutex_acquire                            - Undefined Weak Reference
    _mutex_free                               - Undefined Weak Reference
    _mutex_release                            - Undefined Weak Reference
    _rand_init                                - Undefined Weak Reference
    _signal_finish                            - Undefined Weak Reference
    _signal_init                              - Undefined Weak Reference
    _terminateio                              - Undefined Weak Reference
    __Vectors_Size                           0x00000194   Number         0  startup_stm32f303xe.o ABSOLUTE
    __Vectors                                0x08000000   Data           4  startup_stm32f303xe.o(RESET)
    __Vectors_End                            0x08000194   Data           0  startup_stm32f303xe.o(RESET)
    __main                                   0x08000195   Thumb Code     8  __main.o(!!!main)
    __scatterload                            0x0800019d   Thumb Code     0  __scatter.o(!!!scatter)
    __scatterload_rt2                        0x0800019d   Thumb Code    44  __scatter.o(!!!scatter)
    __scatterload_rt2_thumb_only             0x0800019d   Thumb Code     0  __scatter.o(!!!scatter)
    __scatterload_null                       0x080001ab   Thumb Code     0  __scatter.o(!!!scatter)
    __decompress                             0x080001d1   Thumb Code    58  __dczerorl.o(!!dczerorl)
    __decompress0                            0x080001d1   Thumb Code     0  __dczerorl.o(!!dczerorl)
    __scatterload_zeroinit                   0x0800020d   Thumb Code    28  __scatter_zi.o(!!handler_zi)
    __rt_lib_init                            0x08000229   Thumb Code     0  libinit.o(.ARM.Collect$$libinit$$00000000)
    __rt_lib_init_fp_1                       0x0800022b   Thumb Code     0  libinit2.o(.ARM.Collect$$libinit$$00000001)
    __rt_lib_init_heap_2                     0x0800022f   Thumb Code     0  libinit2.o(.ARM.Collect$$libinit$$00000005)
    __rt_lib_init_preinit_1                  0x0800022f   Thumb Code     0  libinit2.o(.ARM.Collect$$libinit$$00000004)
    __rt_lib_init_alloca_1                   0x08000237   Thumb Code     0  libinit2.o(.ARM.Collect$$libinit$$0000002E)
    __rt_lib_init_argv_1                     0x08000237   Thumb Code     0  libinit2.o(.ARM.Collect$$libinit$$0000002C)
    __rt_lib_init_atexit_1                   0x08000237   Thumb Code     0  libinit2.o(.ARM.Collect$$libinit$$0000001B)
    __rt_lib_init_clock_1                    0x08000237   Thumb Code     0  libinit2.o(.ARM.Collect$$libinit$$00000021)
    __rt_lib_init_cpp_1                      0x08000237   Thumb Code     0  libinit2.o(.ARM.Collect$$libinit$$00000032)
    __rt_lib_init_exceptions_1               0x08000237   Thumb Code     0  libinit2.o(.ARM.Collect$$libinit$$00000030)
    __rt_lib_init_fp_trap_1                  0x08000237   Thumb Code     0  libinit2.o(.ARM.Collect$$libinit$$0000001F)
    __rt_lib_init_getenv_1                   0x08000237   Thumb Code     0  libinit2.o(.ARM.Collect$$libinit$$00000023)
    __rt_lib_init_heap_1                     0x08000237   Thumb Code     0  libinit2.o(.ARM.Collect$$libinit$$0000000A)
    __rt_lib_init_lc_collate_1               0x08000237   Thumb Code     0  libinit2.o(.ARM.Collect$$libinit$$00000011)
    __rt_lib_init_lc_ctype_1                 0x08000237   Thumb Code     0  libinit2.o(.ARM.Collect$$libinit$$00000013)
    __rt_lib_init_lc_monetary_1              0x08000237   Thumb Code     0  libinit2.o(.ARM.Collect$$libinit$$00000015)
    __rt_lib_init_lc_numeric_1               0x08000237   Thumb Code     0  libinit2.o(.ARM.Collect$$libinit$$00000017)
    __rt_lib_init_lc_time_1                  0x08000237   Thumb Code     0  libinit2.o(.ARM.Collect$$libinit$$00000019)
    __rt_lib_init_rand_1                     0x08000237   Thumb Code     0  libinit2.o(.ARM.Collect$$libinit$$0000000E)
    __rt_lib_init_return                     0x08000237   Thumb Code     0  libinit2.o(.ARM.Collect$$libinit$$00000033)
    __rt_lib_init_signal_1                   0x08000237   Thumb Code     0  libinit2.o(.ARM.Collect$$libinit$$0000001D)
    __rt_lib_init_stdio_1                    0x08000237   Thumb Code     0  libinit2.o(.ARM.Collect$$libinit$$00000025)
    __rt_lib_init_user_alloc_1               0x08000237   Thumb Code     0  libinit2.o(.ARM.Collect$$libinit$$0000000C)
    __rt_lib_shutdown                        0x08000239   Thumb Code     0  libshutdown.o(.ARM.Collect$$libshutdown$$00000000)
    __rt_lib_shutdown_cpp_1                  0x0800023b   Thumb Code     0  libshutdown2.o(.ARM.Collect$$libshutdown$$00000004)
    __rt_lib_shutdown_fini_1                 0x0800023b   Thumb Code     0  libshutdown2.o(.ARM.Collect$$libshutdown$$00000002)
    __rt_lib_shutdown_fp_trap_1              0x0800023b   Thumb Code     0  libshutdown2.o(.ARM.Collect$$libshutdown$$00000009)
    __rt_lib_shutdown_heap_1                 0x0800023b   Thumb Code     0  libshutdown2.o(.ARM.Collect$$libshutdown$$00000011)
    __rt_lib_shutdown_return                 0x0800023b   Thumb Code     0  libshutdown2.o(.ARM.Collect$$libshutdown$$00000012)
    __rt_lib_shutdown_signal_1               0x0800023b   Thumb Code     0  libshutdown2.o(.ARM.Collect$$libshutdown$$0000000C)
    __rt_lib_shutdown_stdio_1                0x0800023b   Thumb Code     0  libshutdown2.o(.ARM.Collect$$libshutdown$$00000006)
    __rt_lib_shutdown_user_alloc_1           0x0800023b   Thumb Code     0  libshutdown2.o(.ARM.Collect$$libshutdown$$0000000E)
    __rt_entry                               0x0800023d   Thumb Code     0  __rtentry.o(.ARM.Collect$$rtentry$$00000000)
    __rt_entry_presh_1                       0x0800023d   Thumb Code     0  __rtentry2.o(.ARM.Collect$$rtentry$$00000002)
    __rt_entry_sh                            0x0800023d   Thumb Code     0  __rtentry4.o(.ARM.Collect$$rtentry$$00000004)
    __rt_entry_li                            0x08000243   Thumb Code     0  __rtentry2.o(.ARM.Collect$$rtentry$$0000000A)
    __rt_entry_postsh_1                      0x08000243   Thumb Code     0  __rtentry2.o(.ARM.Collect$$rtentry$$00000009)
    __rt_entry_main                          0x08000247   Thumb Code     0  __rtentry2.o(.ARM.Collect$$rtentry$$0000000D)
    __rt_entry_postli_1                      0x08000247   Thumb Code     0  __rtentry2.o(.ARM.Collect$$rtentry$$0000000C)
    __rt_exit                                0x0800024f   Thumb Code     0  rtexit.o(.ARM.Collect$$rtexit$$00000000)
    __rt_exit_ls                             0x08000251   Thumb Code     0  rtexit2.o(.ARM.Collect$$rtexit$$00000003)
    __rt_exit_prels_1                        0x08000251   Thumb Code     0  rtexit2.o(.ARM.Collect$$rtexit$$00000002)
    __rt_exit_exit                           0x08000255   Thumb Code     0  rtexit2.o(.ARM.Collect$$rtexit$$00000004)
    Reset_Handler                            0x0800025d   Thumb Code     8  startup_stm32f303xe.o(.text)
    _maybe_terminate_alloc                   0x0800025d   Thumb Code     0  maybetermalloc1.o(.emb_text)
    ADC1_2_IRQHandler                        0x08000277   Thumb Code     0  startup_stm32f303xe.o(.text)
    ADC3_IRQHandler                          0x08000277   Thumb Code     0  startup_stm32f303xe.o(.text)
    ADC4_IRQHandler                          0x08000277   Thumb Code     0  startup_stm32f303xe.o(.text)
    CAN_RX1_IRQHandler                       0x08000277   Thumb Code     0  startup_stm32f303xe.o(.text)
    CAN_SCE_IRQHandler                       0x08000277   Thumb Code     0  startup_stm32f303xe.o(.text)
    COMP1_2_3_IRQHandler                     0x08000277   Thumb Code     0  startup_stm32f303xe.o(.text)
    COMP4_5_6_IRQHandler                     0x08000277   Thumb Code     0  startup_stm32f303xe.o(.text)
    COMP7_IRQHandler                         0x08000277   Thumb Code     0  startup_stm32f303xe.o(.text)
    DMA1_Channel1_IRQHandler                 0x08000277   Thumb Code     0  startup_stm32f303xe.o(.text)
    DMA1_Channel2_IRQHandler                 0x08000277   Thumb Code     0  startup_stm32f303xe.o(.text)
    DMA1_Channel3_IRQHandler                 0x08000277   Thumb Code     0  startup_stm32f303xe.o(.text)
    DMA1_Channel4_IRQHandler                 0x08000277   Thumb Code     0  startup_stm32f303xe.o(.text)
    DMA1_Channel5_IRQHandler                 0x08000277   Thumb Code     0  startup_stm32f303xe.o(.text)
    DMA1_Channel6_IRQHandler                 0x08000277   Thumb Code     0  startup_stm32f303xe.o(.text)
    DMA1_Channel7_IRQHandler                 0x08000277   Thumb Code     0  startup_stm32f303xe.o(.text)
    DMA2_Channel2_IRQHandler                 0x08000277   Thumb Code     0  startup_stm32f303xe.o(.text)
    DMA2_Channel3_IRQHandler                 0x08000277   Thumb Code     0  startup_stm32f303xe.o(.text)
    DMA2_Channel4_IRQHandler                 0x08000277   Thumb Code     0  startup_stm32f303xe.o(.text)
    DMA2_Channel5_IRQHandler                 0x08000277   Thumb Code     0  startup_stm32f303xe.o(.text)
    EXTI0_IRQHandler                         0x08000277   Thumb Code     0  startup_stm32f303xe.o(.text)
    EXTI15_10_IRQHandler                     0x08000277   Thumb Code     0  startup_stm32f303xe.o(.text)
    EXTI1_IRQHandler                         0x08000277   Thumb Code     0  startup_stm32f303xe.o(.text)
    EXTI2_TSC_IRQHandler                     0x08000277   Thumb Code     0  startup_stm32f303xe.o(.text)
    EXTI3_IRQHandler                         0x08000277   Thumb Code     0  startup_stm32f303xe.o(.text)
    EXTI4_IRQHandler                         0x08000277   Thumb Code     0  startup_stm32f303xe.o(.text)
    EXTI9_5_IRQHandler                       0x08000277   Thumb Code     0  startup_stm32f303xe.o(.text)
    FLASH_IRQHandler                         0x08000277   Thumb Code     0  startup_stm32f303xe.o(.text)
    FMC_IRQHandler                           0x08000277   Thumb Code     0  startup_stm32f303xe.o(.text)
    FPU_IRQHandler                           0x08000277   Thumb Code     0  startup_stm32f303xe.o(.text)
    I2C1_ER_IRQHandler                       0x08000277   Thumb Code     0  startup_stm32f303xe.o(.text)
    I2C1_EV_IRQHandler                       0x08000277   Thumb Code     0  startup_stm32f303xe.o(.text)
    I2C2_ER_IRQHandler                       0x08000277   Thumb Code     0  startup_stm32f303xe.o(.text)
    I2C2_EV_IRQHandler                       0x08000277   Thumb Code     0  startup_stm32f303xe.o(.text)
    I2C3_ER_IRQHandler                       0x08000277   Thumb Code     0  startup_stm32f303xe.o(.text)
    I2C3_EV_IRQHandler                       0x08000277   Thumb Code     0  startup_stm32f303xe.o(.text)
    PVD_IRQHandler                           0x08000277   Thumb Code     0  startup_stm32f303xe.o(.text)
    RCC_IRQHandler                           0x08000277   Thumb Code     0  startup_stm32f303xe.o(.text)
    RTC_Alarm_IRQHandler                     0x08000277   Thumb Code     0  startup_stm32f303xe.o(.text)
    RTC_WKUP_IRQHandler                      0x08000277   Thumb Code     0  startup_stm32f303xe.o(.text)
    SPI1_IRQHandler                          0x08000277   Thumb Code     0  startup_stm32f303xe.o(.text)
    SPI2_IRQHandler                          0x08000277   Thumb Code     0  startup_stm32f303xe.o(.text)
    SPI3_IRQHandler                          0x08000277   Thumb Code     0  startup_stm32f303xe.o(.text)
    SPI4_IRQHandler                          0x08000277   Thumb Code     0  startup_stm32f303xe.o(.text)
    TAMP_STAMP_IRQHandler                    0x08000277   Thumb Code     0  startup_stm32f303xe.o(.text)
    TIM1_BRK_TIM15_IRQHandler                0x08000277   Thumb Code     0  startup_stm32f303xe.o(.text)
    TIM1_CC_IRQHandler                       0x08000277   Thumb Code     0  startup_stm32f303xe.o(.text)
    TIM1_TRG_COM_TIM17_IRQHandler            0x08000277   Thumb Code     0  startup_stm32f303xe.o(.text)
    TIM1_UP_TIM16_IRQHandler                 0x08000277   Thumb Code     0  startup_stm32f303xe.o(.text)
    TIM20_BRK_IRQHandler                     0x08000277   Thumb Code     0  startup_stm32f303xe.o(.text)
    TIM20_CC_IRQHandler                      0x08000277   Thumb Code     0  startup_stm32f303xe.o(.text)
    TIM20_TRG_COM_IRQHandler                 0x08000277   Thumb Code     0  startup_stm32f303xe.o(.text)
    TIM20_UP_IRQHandler                      0x08000277   Thumb Code     0  startup_stm32f303xe.o(.text)
    TIM2_IRQHandler                          0x08000277   Thumb Code     0  startup_stm32f303xe.o(.text)
    TIM4_IRQHandler                          0x08000277   Thumb Code     0  startup_stm32f303xe.o(.text)
    TIM6_DAC_IRQHandler                      0x08000277   Thumb Code     0  startup_stm32f303xe.o(.text)
    TIM7_IRQHandler                          0x08000277   Thumb Code     0  startup_stm32f303xe.o(.text)
    TIM8_BRK_IRQHandler                      0x08000277   Thumb Code     0  startup_stm32f303xe.o(.text)
    TIM8_CC_IRQHandler                       0x08000277   Thumb Code     0  startup_stm32f303xe.o(.text)
    TIM8_TRG_COM_IRQHandler                  0x08000277   Thumb Code     0  startup_stm32f303xe.o(.text)
    TIM8_UP_IRQHandler                       0x08000277   Thumb Code     0  startup_stm32f303xe.o(.text)
    UART4_IRQHandler                         0x08000277   Thumb Code     0  startup_stm32f303xe.o(.text)
    UART5_IRQHandler                         0x08000277   Thumb Code     0  startup_stm32f303xe.o(.text)
    USART1_IRQHandler                        0x08000277   Thumb Code     0  startup_stm32f303xe.o(.text)
    USART2_IRQHandler                        0x08000277   Thumb Code     0  startup_stm32f303xe.o(.text)
    USART3_IRQHandler                        0x08000277   Thumb Code     0  startup_stm32f303xe.o(.text)
    USBWakeUp_IRQHandler                     0x08000277   Thumb Code     0  startup_stm32f303xe.o(.text)
    USBWakeUp_RMP_IRQHandler                 0x08000277   Thumb Code     0  startup_stm32f303xe.o(.text)
    USB_HP_CAN_TX_IRQHandler                 0x08000277   Thumb Code     0  startup_stm32f303xe.o(.text)
    USB_HP_IRQHandler                        0x08000277   Thumb Code     0  startup_stm32f303xe.o(.text)
    USB_LP_IRQHandler                        0x08000277   Thumb Code     0  startup_stm32f303xe.o(.text)
    WWDG_IRQHandler                          0x08000277   Thumb Code     0  startup_stm32f303xe.o(.text)
    __user_initial_stackheap                 0x08000279   Thumb Code     0  startup_stm32f303xe.o(.text)
    malloc                                   0x0800029d   Thumb Code    94  h1_alloc.o(.text)
    free                                     0x080002fb   Thumb Code    78  h1_free.o(.text)
    __aeabi_uldivmod                         0x08000349   Thumb Code     0  lludivv7m.o(.text)
    _ll_udiv                                 0x08000349   Thumb Code   238  lludivv7m.o(.text)
    __aeabi_memclr4                          0x08000437   Thumb Code     0  rt_memclr_w.o(.text)
    __aeabi_memclr8                          0x08000437   Thumb Code     0  rt_memclr_w.o(.text)
    __rt_memclr_w                            0x08000437   Thumb Code    78  rt_memclr_w.o(.text)
    _memset_w                                0x0800043b   Thumb Code     0  rt_memclr_w.o(.text)
    __use_two_region_memory                  0x08000485   Thumb Code     2  heapauxi.o(.text)
    __rt_heap_escrow                         0x08000487   Thumb Code     2  heapauxi.o(.text)
    __rt_heap_expand                         0x08000489   Thumb Code     2  heapauxi.o(.text)
    __rt_heap_descriptor                     0x0800048d   Thumb Code     8  rt_heap_descriptor_intlibspace.o(.text)
    __use_no_heap                            0x08000495   Thumb Code     2  hguard.o(.text)
    __heap$guard                             0x08000497   Thumb Code     2  hguard.o(.text)
    _terminate_user_alloc                    0x08000499   Thumb Code     2  init_alloc.o(.text)
    _init_user_alloc                         0x0800049b   Thumb Code     2  init_alloc.o(.text)
    __Heap_Full                              0x0800049d   Thumb Code    34  init_alloc.o(.text)
    __Heap_Broken                            0x080004bf   Thumb Code     6  init_alloc.o(.text)
    _init_alloc                              0x080004c5   Thumb Code    94  init_alloc.o(.text)
    __Heap_Initialize                        0x08000523   Thumb Code    10  h1_init.o(.text)
    __Heap_DescSize                          0x0800052d   Thumb Code     4  h1_init.o(.text)
    __read_errno                             0x08000531   Thumb Code    10  _rserrno.o(.text)
    __set_errno                              0x0800053b   Thumb Code    12  _rserrno.o(.text)
    __user_libspace                          0x08000549   Thumb Code     8  libspace.o(.text)
    __user_perproc_libspace                  0x08000549   Thumb Code     0  libspace.o(.text)
    __user_perthread_libspace                0x08000549   Thumb Code     0  libspace.o(.text)
    __aeabi_errno_addr                       0x08000551   Thumb Code     8  rt_errno_addr_intlibspace.o(.text)
    __errno$intlibspace                      0x08000551   Thumb Code     0  rt_errno_addr_intlibspace.o(.text)
    __rt_errno_addr$intlibspace              0x08000551   Thumb Code     0  rt_errno_addr_intlibspace.o(.text)
    __Heap_ProvideMemory                     0x08000559   Thumb Code    52  h1_extend.o(.text)
    __rt_SIGRTMEM                            0x0800058d   Thumb Code    14  defsig_rtmem_outer.o(.text)
    __I$use$semihosting                      0x0800059b   Thumb Code     0  use_no_semi.o(.text)
    __use_no_semihosting_swi                 0x0800059b   Thumb Code     2  use_no_semi.o(.text)
    __semihosting_library_function           0x0800059d   Thumb Code     0  indicate_semi.o(.text)
    __user_setup_stackheap                   0x0800059d   Thumb Code    74  sys_stackheap_outer.o(.text)
    exit                                     0x080005e7   Thumb Code    18  exit.o(.text)
    __sig_exit                               0x080005f9   Thumb Code    10  defsig_exit.o(.text)
    __rt_SIGRTMEM_inner                      0x08000605   Thumb Code    22  defsig_rtmem_inner.o(.text)
    _sys_exit                                0x08000655   Thumb Code     8  sys_exit.o(.text)
    __default_signal_display                 0x08000661   Thumb Code    50  defsig_general.o(.text)
    _ttywrch                                 0x08000693   Thumb Code    14  sys_wrch.o(.text)
    BusFault_Handler                         0x080007c5   Thumb Code     2  stm32f3xx_it.o(i.BusFault_Handler)
    CAN_Msg_Send                             0x080007c9   Thumb Code    96  bms_lv.o(i.CAN_Msg_Send)
    CAN_Tx                                   0x0800082d   Thumb Code   360  bms_lv.o(i.CAN_Tx)
    CoreBmsLV                                0x080009a5   Thumb Code    94  bms_lv.o(i.CoreBmsLV)
    DMA2_Channel1_IRQHandler                 0x08000a15   Thumb Code     6  stm32f3xx_it.o(i.DMA2_Channel1_IRQHandler)
    DebugMon_Handler                         0x08000a87   Thumb Code     2  stm32f3xx_it.o(i.DebugMon_Handler)
    Error_Handler                            0x08000a89   Thumb Code    40  main.o(i.Error_Handler)
    GetVoltagesandTemperature                0x08000ab5   Thumb Code   242  bms_lv.o(i.GetVoltagesandTemperature)
    HAL_ADC_ConfigChannel                    0x08000bd9   Thumb Code   884  stm32f3xx_hal_adc_ex.o(i.HAL_ADC_ConfigChannel)
    HAL_ADC_ConvCpltCallback                 0x08000f6d   Thumb Code     2  bms_lv.o(i.HAL_ADC_ConvCpltCallback)
    HAL_ADC_ConvHalfCpltCallback             0x08000f6f   Thumb Code     2  stm32f3xx_hal_adc.o(i.HAL_ADC_ConvHalfCpltCallback)
    HAL_ADC_ErrorCallback                    0x08000f71   Thumb Code     2  stm32f3xx_hal_adc.o(i.HAL_ADC_ErrorCallback)
    HAL_ADC_Init                             0x08000f75   Thumb Code   594  stm32f3xx_hal_adc_ex.o(i.HAL_ADC_Init)
    HAL_ADC_MspInit                          0x080011ed   Thumb Code   124  stm32f3xx_hal_msp.o(i.HAL_ADC_MspInit)
    HAL_ADC_Start_DMA                        0x0800127d   Thumb Code   306  stm32f3xx_hal_adc_ex.o(i.HAL_ADC_Start_DMA)
    HAL_CAN_AbortTxRequest                   0x080013c9   Thumb Code    70  stm32f3xx_hal_can.o(i.HAL_CAN_AbortTxRequest)
    HAL_CAN_ActivateNotification             0x0800140f   Thumb Code    36  stm32f3xx_hal_can.o(i.HAL_CAN_ActivateNotification)
    HAL_CAN_AddTxMessage                     0x08001433   Thumb Code   220  stm32f3xx_hal_can.o(i.HAL_CAN_AddTxMessage)
    HAL_CAN_ConfigFilter                     0x08001511   Thumb Code   238  stm32f3xx_hal_can.o(i.HAL_CAN_ConfigFilter)
    HAL_CAN_ErrorCallback                    0x080015ff   Thumb Code     2  stm32f3xx_hal_can.o(i.HAL_CAN_ErrorCallback)
    HAL_CAN_GetRxMessage                     0x08001601   Thumb Code   232  stm32f3xx_hal_can.o(i.HAL_CAN_GetRxMessage)
    HAL_CAN_GetTxMailboxesFreeLevel          0x080016e9   Thumb Code    44  stm32f3xx_hal_can.o(i.HAL_CAN_GetTxMailboxesFreeLevel)
    HAL_CAN_IRQHandler                       0x08001715   Thumb Code   508  stm32f3xx_hal_can.o(i.HAL_CAN_IRQHandler)
    HAL_CAN_Init                             0x08001911   Thumb Code   282  stm32f3xx_hal_can.o(i.HAL_CAN_Init)
    HAL_CAN_MspInit                          0x08001a2d   Thumb Code   102  stm32f3xx_hal_msp.o(i.HAL_CAN_MspInit)
    HAL_CAN_ResetError                       0x08001aa1   Thumb Code    34  stm32f3xx_hal_can.o(i.HAL_CAN_ResetError)
    HAL_CAN_RxFifo0FullCallback              0x08001ac3   Thumb Code     2  stm32f3xx_hal_can.o(i.HAL_CAN_RxFifo0FullCallback)
    HAL_CAN_RxFifo0MsgPendingCallback        0x08001ac5   Thumb Code    30  bms_lv.o(i.HAL_CAN_RxFifo0MsgPendingCallback)
    HAL_CAN_RxFifo1FullCallback              0x08001aed   Thumb Code     2  stm32f3xx_hal_can.o(i.HAL_CAN_RxFifo1FullCallback)
    HAL_CAN_RxFifo1MsgPendingCallback        0x08001aef   Thumb Code     2  stm32f3xx_hal_can.o(i.HAL_CAN_RxFifo1MsgPendingCallback)
    HAL_CAN_SleepCallback                    0x08001af1   Thumb Code     2  stm32f3xx_hal_can.o(i.HAL_CAN_SleepCallback)
    HAL_CAN_Start                            0x08001af5   Thumb Code    88  stm32f3xx_hal_can.o(i.HAL_CAN_Start)
    HAL_CAN_TxMailbox0AbortCallback          0x08001b4d   Thumb Code     2  stm32f3xx_hal_can.o(i.HAL_CAN_TxMailbox0AbortCallback)
    HAL_CAN_TxMailbox0CompleteCallback       0x08001b4f   Thumb Code     2  stm32f3xx_hal_can.o(i.HAL_CAN_TxMailbox0CompleteCallback)
    HAL_CAN_TxMailbox1AbortCallback          0x08001b51   Thumb Code     2  stm32f3xx_hal_can.o(i.HAL_CAN_TxMailbox1AbortCallback)
    HAL_CAN_TxMailbox1CompleteCallback       0x08001b53   Thumb Code     2  stm32f3xx_hal_can.o(i.HAL_CAN_TxMailbox1CompleteCallback)
    HAL_CAN_TxMailbox2AbortCallback          0x08001b55   Thumb Code     2  stm32f3xx_hal_can.o(i.HAL_CAN_TxMailbox2AbortCallback)
    HAL_CAN_TxMailbox2CompleteCallback       0x08001b57   Thumb Code     2  stm32f3xx_hal_can.o(i.HAL_CAN_TxMailbox2CompleteCallback)
    HAL_CAN_WakeUpFromRxMsgCallback          0x08001b59   Thumb Code     2  stm32f3xx_hal_can.o(i.HAL_CAN_WakeUpFromRxMsgCallback)
    HAL_DMA_IRQHandler                       0x08001b5b   Thumb Code   168  stm32f3xx_hal_dma.o(i.HAL_DMA_IRQHandler)
    HAL_DMA_Init                             0x08001c03   Thumb Code    78  stm32f3xx_hal_dma.o(i.HAL_DMA_Init)
    HAL_DMA_Start_IT                         0x08001c51   Thumb Code   112  stm32f3xx_hal_dma.o(i.HAL_DMA_Start_IT)
    HAL_Delay                                0x08001cc1   Thumb Code    32  stm32f3xx_hal.o(i.HAL_Delay)
    HAL_GPIO_Init                            0x08001ce5   Thumb Code   428  stm32f3xx_hal_gpio.o(i.HAL_GPIO_Init)
    HAL_GPIO_TogglePin                       0x08001eb5   Thumb Code    16  stm32f3xx_hal_gpio.o(i.HAL_GPIO_TogglePin)
    HAL_GPIO_WritePin                        0x08001ec5   Thumb Code    10  stm32f3xx_hal_gpio.o(i.HAL_GPIO_WritePin)
    HAL_GetTick                              0x08001ed1   Thumb Code     6  stm32f3xx_hal.o(i.HAL_GetTick)
    HAL_IncTick                              0x08001edd   Thumb Code    12  stm32f3xx_hal.o(i.HAL_IncTick)
    HAL_Init                                 0x08001eed   Thumb Code    32  stm32f3xx_hal.o(i.HAL_Init)
    HAL_InitTick                             0x08001f11   Thumb Code    54  stm32f3xx_hal.o(i.HAL_InitTick)
    HAL_MspInit                              0x08001f51   Thumb Code    38  stm32f3xx_hal_msp.o(i.HAL_MspInit)
    HAL_NVIC_EnableIRQ                       0x08001f7d   Thumb Code    26  stm32f3xx_hal_cortex.o(i.HAL_NVIC_EnableIRQ)
    HAL_NVIC_SetPriority                     0x08001f99   Thumb Code    60  stm32f3xx_hal_cortex.o(i.HAL_NVIC_SetPriority)
    HAL_NVIC_SetPriorityGrouping             0x08001fd9   Thumb Code    26  stm32f3xx_hal_cortex.o(i.HAL_NVIC_SetPriorityGrouping)
    HAL_RCCEx_PeriphCLKConfig                0x08001ffd   Thumb Code   648  stm32f3xx_hal_rcc_ex.o(i.HAL_RCCEx_PeriphCLKConfig)
    HAL_RCC_CSSCallback                      0x08002291   Thumb Code     2  stm32f3xx_hal_rcc.o(i.HAL_RCC_CSSCallback)
    HAL_RCC_ClockConfig                      0x08002295   Thumb Code   308  stm32f3xx_hal_rcc.o(i.HAL_RCC_ClockConfig)
    HAL_RCC_EnableCSS                        0x080023dd   Thumb Code    20  stm32f3xx_hal_rcc.o(i.HAL_RCC_EnableCSS)
    HAL_RCC_GetPCLK1Freq                     0x080023f5   Thumb Code    34  stm32f3xx_hal_rcc.o(i.HAL_RCC_GetPCLK1Freq)
    HAL_RCC_GetPCLK2Freq                     0x08002425   Thumb Code    34  stm32f3xx_hal_rcc.o(i.HAL_RCC_GetPCLK2Freq)
    HAL_RCC_GetSysClockFreq                  0x08002455   Thumb Code    82  stm32f3xx_hal_rcc.o(i.HAL_RCC_GetSysClockFreq)
    HAL_RCC_NMI_IRQHandler                   0x080024b5   Thumb Code    20  stm32f3xx_hal_rcc.o(i.HAL_RCC_NMI_IRQHandler)
    HAL_RCC_OscConfig                        0x080024cd   Thumb Code  1472  stm32f3xx_hal_rcc.o(i.HAL_RCC_OscConfig)
    HAL_SYSTICK_Config                       0x08002a8d   Thumb Code    40  stm32f3xx_hal_cortex.o(i.HAL_SYSTICK_Config)
    HAL_TIMEx_Break2Callback                 0x08002ab5   Thumb Code     2  stm32f3xx_hal_tim_ex.o(i.HAL_TIMEx_Break2Callback)
    HAL_TIMEx_BreakCallback                  0x08002ab7   Thumb Code     2  stm32f3xx_hal_tim_ex.o(i.HAL_TIMEx_BreakCallback)
    HAL_TIMEx_CommutCallback                 0x08002ab9   Thumb Code     2  stm32f3xx_hal_tim_ex.o(i.HAL_TIMEx_CommutCallback)
    HAL_TIMEx_MasterConfigSynchronization    0x08002abd   Thumb Code   136  stm32f3xx_hal_tim_ex.o(i.HAL_TIMEx_MasterConfigSynchronization)
    HAL_TIM_Base_Init                        0x08002b5d   Thumb Code    98  stm32f3xx_hal_tim.o(i.HAL_TIM_Base_Init)
    HAL_TIM_Base_MspInit                     0x08002bc1   Thumb Code    50  stm32f3xx_hal_msp.o(i.HAL_TIM_Base_MspInit)
    HAL_TIM_Base_Start_IT                    0x08002bfd   Thumb Code   100  stm32f3xx_hal_tim.o(i.HAL_TIM_Base_Start_IT)
    HAL_TIM_ConfigClockSource                0x08002c7d   Thumb Code   214  stm32f3xx_hal_tim.o(i.HAL_TIM_ConfigClockSource)
    HAL_TIM_IC_CaptureCallback               0x08002d59   Thumb Code     2  stm32f3xx_hal_tim.o(i.HAL_TIM_IC_CaptureCallback)
    HAL_TIM_IRQHandler                       0x08002d5b   Thumb Code   388  stm32f3xx_hal_tim.o(i.HAL_TIM_IRQHandler)
    HAL_TIM_OC_DelayElapsedCallback          0x08002edf   Thumb Code     2  stm32f3xx_hal_tim.o(i.HAL_TIM_OC_DelayElapsedCallback)
    HAL_TIM_PWM_PulseFinishedCallback        0x08002ee1   Thumb Code     2  stm32f3xx_hal_tim.o(i.HAL_TIM_PWM_PulseFinishedCallback)
    HAL_TIM_PeriodElapsedCallback            0x08002ee5   Thumb Code    18  bms_lv.o(i.HAL_TIM_PeriodElapsedCallback)
    HAL_TIM_TriggerCallback                  0x08002f01   Thumb Code     2  stm32f3xx_hal_tim.o(i.HAL_TIM_TriggerCallback)
    HAL_UART_Init                            0x08002f03   Thumb Code   102  stm32f3xx_hal_uart.o(i.HAL_UART_Init)
    HAL_UART_MspInit                         0x08002f69   Thumb Code   146  stm32f3xx_hal_msp.o(i.HAL_UART_MspInit)
    HAL_UART_Receive                         0x0800300d   Thumb Code   248  stm32f3xx_hal_uart.o(i.HAL_UART_Receive)
    HAL_UART_Transmit                        0x08003105   Thumb Code   182  stm32f3xx_hal_uart.o(i.HAL_UART_Transmit)
    HardFault_Handler                        0x080031bb   Thumb Code     2  stm32f3xx_it.o(i.HardFault_Handler)
    LedBlinking                              0x080031bd   Thumb Code    32  bms_lv.o(i.LedBlinking)
    MemManage_Handler                        0x080034b1   Thumb Code     2  stm32f3xx_it.o(i.MemManage_Handler)
    NMI_Handler                              0x080034b3   Thumb Code     6  stm32f3xx_it.o(i.NMI_Handler)
    Notify_Error                             0x080034b9   Thumb Code    76  main.o(i.Notify_Error)
    PendSV_Handler                           0x0800350d   Thumb Code     2  stm32f3xx_it.o(i.PendSV_Handler)
    Ping_Mng                                 0x08003511   Thumb Code    60  bms_lv.o(i.Ping_Mng)
    SVC_Handler                              0x0800355d   Thumb Code     2  stm32f3xx_it.o(i.SVC_Handler)
    SetupBmsLV                               0x08003561   Thumb Code   622  bms_lv.o(i.SetupBmsLV)
    SysTick_Handler                          0x080037e5   Thumb Code     4  stm32f3xx_it.o(i.SysTick_Handler)
    SystemClock_Config                       0x080037e9   Thumb Code   118  main.o(i.SystemClock_Config)
    SystemInit                               0x08003865   Thumb Code    12  system_stm32f3xx.o(i.SystemInit)
    TIM3_IRQHandler                          0x08003875   Thumb Code     6  stm32f3xx_it.o(i.TIM3_IRQHandler)
    TIM_Base_SetConfig                       0x08003881   Thumb Code   164  stm32f3xx_hal_tim.o(i.TIM_Base_SetConfig)
    TIM_ETR_SetConfig                        0x08003945   Thumb Code    20  stm32f3xx_hal_tim.o(i.TIM_ETR_SetConfig)
    UART_AdvFeatureConfig                    0x080039af   Thumb Code   200  stm32f3xx_hal_uart.o(i.UART_AdvFeatureConfig)
    UART_CheckIdleState                      0x08003a77   Thumb Code    92  stm32f3xx_hal_uart.o(i.UART_CheckIdleState)
    UART_SetConfig                           0x08003ad5   Thumb Code   424  stm32f3xx_hal_uart.o(i.UART_SetConfig)
    UART_WaitOnFlagUntilTimeout              0x08003c9d   Thumb Code   164  stm32f3xx_hal_uart.o(i.UART_WaitOnFlagUntilTimeout)
    USB_LP_CAN_RX0_IRQHandler                0x08003d41   Thumb Code     6  stm32f3xx_it.o(i.USB_LP_CAN_RX0_IRQHandler)
    Uart_Send_CMD                            0x08003d4d   Thumb Code   108  bms_lv.o(i.Uart_Send_CMD)
    UsageFault_Handler                       0x08003dc1   Thumb Code     2  stm32f3xx_it.o(i.UsageFault_Handler)
    __hardfp_log                             0x08003de9   Thumb Code   872  log.o(i.__hardfp_log)
    __kernel_poly                            0x080041ad   Thumb Code   248  poly.o(i.__kernel_poly)
    __mathlib_dbl_divzero                    0x080042a9   Thumb Code    28  dunder.o(i.__mathlib_dbl_divzero)
    __mathlib_dbl_infnan                     0x080042d9   Thumb Code    20  dunder.o(i.__mathlib_dbl_infnan)
    __mathlib_dbl_invalid                    0x080042f1   Thumb Code    24  dunder.o(i.__mathlib_dbl_invalid)
    crc16                                    0x08004311   Thumb Code    30  bms_lv.o(i.crc16)
    delay_fun                                0x08004335   Thumb Code    40  bms_lv.o(i.delay_fun)
    main                                     0x08004361   Thumb Code   106  main.o(i.main)
    __aeabi_dneg                             0x080043d5   Thumb Code     0  basic.o(x$fpl$basic)
    _dneg                                    0x080043d5   Thumb Code     6  basic.o(x$fpl$basic)
    __aeabi_fneg                             0x080043db   Thumb Code     0  basic.o(x$fpl$basic)
    _fneg                                    0x080043db   Thumb Code     6  basic.o(x$fpl$basic)
    _dabs                                    0x080043e1   Thumb Code     6  basic.o(x$fpl$basic)
    _fabs                                    0x080043e7   Thumb Code     6  basic.o(x$fpl$basic)
    __aeabi_dadd                             0x080043ed   Thumb Code     0  daddsub_clz.o(x$fpl$dadd)
    _dadd                                    0x080043ed   Thumb Code   332  daddsub_clz.o(x$fpl$dadd)
    __fpl_dcmp_Inf                           0x0800453d   Thumb Code    24  dcmpi.o(x$fpl$dcmpinf)
    __aeabi_ddiv                             0x08004555   Thumb Code     0  ddiv.o(x$fpl$ddiv)
    _ddiv                                    0x08004555   Thumb Code   552  ddiv.o(x$fpl$ddiv)
    __aeabi_cdcmpeq                          0x08004805   Thumb Code     0  deqf.o(x$fpl$deqf)
    _dcmpeq                                  0x08004805   Thumb Code   120  deqf.o(x$fpl$deqf)
    __aeabi_d2uiz                            0x0800487d   Thumb Code     0  dfixu.o(x$fpl$dfixu)
    _dfixu                                   0x0800487d   Thumb Code    90  dfixu.o(x$fpl$dfixu)
    __aeabi_i2d                              0x080048d7   Thumb Code     0  dflt_clz.o(x$fpl$dflt)
    _dflt                                    0x080048d7   Thumb Code    46  dflt_clz.o(x$fpl$dflt)
    __aeabi_dmul                             0x08004905   Thumb Code     0  dmul.o(x$fpl$dmul)
    _dmul                                    0x08004905   Thumb Code   332  dmul.o(x$fpl$dmul)
    __fpl_dnaninf                            0x08004a59   Thumb Code   156  dnaninf.o(x$fpl$dnaninf)
    __fpl_dretinf                            0x08004af5   Thumb Code    12  dretinf.o(x$fpl$dretinf)
    __aeabi_drsub                            0x08004b01   Thumb Code     0  daddsub_clz.o(x$fpl$drsb)
    _drsb                                    0x08004b01   Thumb Code    22  daddsub_clz.o(x$fpl$drsb)
    __aeabi_dsub                             0x08004b19   Thumb Code     0  daddsub_clz.o(x$fpl$dsub)
    _dsub                                    0x08004b19   Thumb Code   464  daddsub_clz.o(x$fpl$dsub)
    __aeabi_f2d                              0x08004ced   Thumb Code     0  f2d.o(x$fpl$f2d)
    _f2d                                     0x08004ced   Thumb Code    86  f2d.o(x$fpl$f2d)
    __fpl_fnaninf                            0x08004d43   Thumb Code   140  fnaninf.o(x$fpl$fnaninf)
    _fp_init                                 0x08004dcf   Thumb Code    10  fpinit.o(x$fpl$fpinit)
    __fplib_config_fpu_vfp                   0x08004dd7   Thumb Code     0  fpinit.o(x$fpl$fpinit)
    __fplib_config_pureend_doubles           0x08004dd7   Thumb Code     0  fpinit.o(x$fpl$fpinit)
    __I$use$fp                               0x08004dd8   Number         0  usenofp.o(x$fpl$usenofp)
    aPLLMULFactorTable                       0x08004dd8   Data          16  stm32f3xx_hal_rcc.o(.constdata)
    aPredivFactorTable                       0x08004de8   Data          16  stm32f3xx_hal_rcc.o(.constdata)
    AHBPrescTable                            0x08004df8   Data          16  system_stm32f3xx.o(.constdata)
    APBPrescTable                            0x08004e08   Data           8  system_stm32f3xx.o(.constdata)
    __mathlib_zero                           0x08004e48   Data           8  qnan.o(.constdata)
    Region$$Table$$Base                      0x08004e50   Number         0  anon$$obj.o(Region$$Table)
    Region$$Table$$Limit                     0x08004e70   Number         0  anon$$obj.o(Region$$Table)
    type                                     0x20000000   Data           1  bms_lv.o(.data)
    counter                                  0x20000004   Data           4  bms_lv.o(.data)
    curr_sens                                0x20000008   Data           4  bms_lv.o(.data)
    Frame                                    0x2000001c   Data           8  bms_lv.o(.data)
    TxData                                   0x20000024   Data           8  bms_lv.o(.data)
    RxData                                   0x2000002c   Data           8  bms_lv.o(.data)
    crc16_table                              0x20000034   Data         512  bms_lv.o(.data)
    TxMailbox                                0x20000234   Data           4  main.o(.data)
    uwTickFreq                               0x20000238   Data           1  stm32f3xx_hal.o(.data)
    uwTickPrio                               0x2000023c   Data           4  stm32f3xx_hal.o(.data)
    uwTick                                   0x20000240   Data           4  stm32f3xx_hal.o(.data)
    SystemCoreClock                          0x20000244   Data           4  system_stm32f3xx.o(.data)
    TxHeader                                 0x20000248   Data          24  bms_lv.o(.bss)
    RxHeader                                 0x20000260   Data          28  bms_lv.o(.bss)
    uart_rx_cmd                              0x2000027c   Data          40  bms_lv.o(.bss)
    cell_voltages                            0x200002a4   Data          16  bms_lv.o(.bss)
    cell_temperature                         0x200002b4   Data          16  bms_lv.o(.bss)
    hadc2                                    0x200002c4   Data          80  main.o(.bss)
    hcan                                     0x20000314   Data          40  main.o(.bss)
    htim3                                    0x2000033c   Data          76  main.o(.bss)
    huart1                                   0x20000388   Data         132  main.o(.bss)
    huart2                                   0x2000040c   Data         132  main.o(.bss)
    sFilterConfig                            0x20000490   Data          40  main.o(.bss)
    hdma_adc2                                0x200004b8   Data          68  main.o(.bss)
    __libspace_start                         0x200004fc   Data          96  libspace.o(.bss)
    __temporary_stack_top$libspace           0x2000055c   Data           0  libspace.o(.bss)



==============================================================================

Memory Map of the image

  Image Entry point : 0x08000195

  Load Region LR_IROM1 (Base: 0x08000000, Size: 0x000050b8, Max: 0x00080000, ABSOLUTE, COMPRESSED[0x00005080])

    Execution Region ER_IROM1 (Exec base: 0x08000000, Load base: 0x08000000, Size: 0x00004e70, Max: 0x00080000, ABSOLUTE)

    Exec Addr    Load Addr    Size         Type   Attr      Idx    E Section Name        Object

    0x08000000   0x08000000   0x00000194   Data   RO            3    RESET               startup_stm32f303xe.o
    0x08000194   0x08000194   0x00000008   Code   RO         4278  * !!!main             c_w.l(__main.o)
    0x0800019c   0x0800019c   0x00000034   Code   RO         4568    !!!scatter          c_w.l(__scatter.o)
    0x080001d0   0x080001d0   0x0000003a   Code   RO         4566    !!dczerorl          c_w.l(__dczerorl.o)
    0x0800020a   0x0800020a   0x00000002   PAD
    0x0800020c   0x0800020c   0x0000001c   Code   RO         4570    !!handler_zi        c_w.l(__scatter_zi.o)
    0x08000228   0x08000228   0x00000002   Code   RO         4503    .ARM.Collect$$libinit$$00000000  c_w.l(libinit.o)
    0x0800022a   0x0800022a   0x00000004   Code   RO         4348    .ARM.Collect$$libinit$$00000001  c_w.l(libinit2.o)
    0x0800022e   0x0800022e   0x00000000   Code   RO         4351    .ARM.Collect$$libinit$$00000004  c_w.l(libinit2.o)
    0x0800022e   0x0800022e   0x00000008   Code   RO         4352    .ARM.Collect$$libinit$$00000005  c_w.l(libinit2.o)
    0x08000236   0x08000236   0x00000000   Code   RO         4354    .ARM.Collect$$libinit$$0000000A  c_w.l(libinit2.o)
    0x08000236   0x08000236   0x00000000   Code   RO         4356    .ARM.Collect$$libinit$$0000000C  c_w.l(libinit2.o)
    0x08000236   0x08000236   0x00000000   Code   RO         4358    .ARM.Collect$$libinit$$0000000E  c_w.l(libinit2.o)
    0x08000236   0x08000236   0x00000000   Code   RO         4361    .ARM.Collect$$libinit$$00000011  c_w.l(libinit2.o)
    0x08000236   0x08000236   0x00000000   Code   RO         4363    .ARM.Collect$$libinit$$00000013  c_w.l(libinit2.o)
    0x08000236   0x08000236   0x00000000   Code   RO         4365    .ARM.Collect$$libinit$$00000015  c_w.l(libinit2.o)
    0x08000236   0x08000236   0x00000000   Code   RO         4367    .ARM.Collect$$libinit$$00000017  c_w.l(libinit2.o)
    0x08000236   0x08000236   0x00000000   Code   RO         4369    .ARM.Collect$$libinit$$00000019  c_w.l(libinit2.o)
    0x08000236   0x08000236   0x00000000   Code   RO         4371    .ARM.Collect$$libinit$$0000001B  c_w.l(libinit2.o)
    0x08000236   0x08000236   0x00000000   Code   RO         4373    .ARM.Collect$$libinit$$0000001D  c_w.l(libinit2.o)
    0x08000236   0x08000236   0x00000000   Code   RO         4375    .ARM.Collect$$libinit$$0000001F  c_w.l(libinit2.o)
    0x08000236   0x08000236   0x00000000   Code   RO         4377    .ARM.Collect$$libinit$$00000021  c_w.l(libinit2.o)
    0x08000236   0x08000236   0x00000000   Code   RO         4379    .ARM.Collect$$libinit$$00000023  c_w.l(libinit2.o)
    0x08000236   0x08000236   0x00000000   Code   RO         4381    .ARM.Collect$$libinit$$00000025  c_w.l(libinit2.o)
    0x08000236   0x08000236   0x00000000   Code   RO         4385    .ARM.Collect$$libinit$$0000002C  c_w.l(libinit2.o)
    0x08000236   0x08000236   0x00000000   Code   RO         4387    .ARM.Collect$$libinit$$0000002E  c_w.l(libinit2.o)
    0x08000236   0x08000236   0x00000000   Code   RO         4389    .ARM.Collect$$libinit$$00000030  c_w.l(libinit2.o)
    0x08000236   0x08000236   0x00000000   Code   RO         4391    .ARM.Collect$$libinit$$00000032  c_w.l(libinit2.o)
    0x08000236   0x08000236   0x00000002   Code   RO         4392    .ARM.Collect$$libinit$$00000033  c_w.l(libinit2.o)
    0x08000238   0x08000238   0x00000002   Code   RO         4563    .ARM.Collect$$libshutdown$$00000000  c_w.l(libshutdown.o)
    0x0800023a   0x0800023a   0x00000000   Code   RO         4519    .ARM.Collect$$libshutdown$$00000002  c_w.l(libshutdown2.o)
    0x0800023a   0x0800023a   0x00000000   Code   RO         4521    .ARM.Collect$$libshutdown$$00000004  c_w.l(libshutdown2.o)
    0x0800023a   0x0800023a   0x00000000   Code   RO         4523    .ARM.Collect$$libshutdown$$00000006  c_w.l(libshutdown2.o)
    0x0800023a   0x0800023a   0x00000000   Code   RO         4526    .ARM.Collect$$libshutdown$$00000009  c_w.l(libshutdown2.o)
    0x0800023a   0x0800023a   0x00000000   Code   RO         4529    .ARM.Collect$$libshutdown$$0000000C  c_w.l(libshutdown2.o)
    0x0800023a   0x0800023a   0x00000000   Code   RO         4531    .ARM.Collect$$libshutdown$$0000000E  c_w.l(libshutdown2.o)
    0x0800023a   0x0800023a   0x00000000   Code   RO         4534    .ARM.Collect$$libshutdown$$00000011  c_w.l(libshutdown2.o)
    0x0800023a   0x0800023a   0x00000002   Code   RO         4535    .ARM.Collect$$libshutdown$$00000012  c_w.l(libshutdown2.o)
    0x0800023c   0x0800023c   0x00000000   Code   RO         4314    .ARM.Collect$$rtentry$$00000000  c_w.l(__rtentry.o)
    0x0800023c   0x0800023c   0x00000000   Code   RO         4433    .ARM.Collect$$rtentry$$00000002  c_w.l(__rtentry2.o)
    0x0800023c   0x0800023c   0x00000006   Code   RO         4445    .ARM.Collect$$rtentry$$00000004  c_w.l(__rtentry4.o)
    0x08000242   0x08000242   0x00000000   Code   RO         4435    .ARM.Collect$$rtentry$$00000009  c_w.l(__rtentry2.o)
    0x08000242   0x08000242   0x00000004   Code   RO         4436    .ARM.Collect$$rtentry$$0000000A  c_w.l(__rtentry2.o)
    0x08000246   0x08000246   0x00000000   Code   RO         4438    .ARM.Collect$$rtentry$$0000000C  c_w.l(__rtentry2.o)
    0x08000246   0x08000246   0x00000008   Code   RO         4439    .ARM.Collect$$rtentry$$0000000D  c_w.l(__rtentry2.o)
    0x0800024e   0x0800024e   0x00000002   Code   RO         4506    .ARM.Collect$$rtexit$$00000000  c_w.l(rtexit.o)
    0x08000250   0x08000250   0x00000000   Code   RO         4539    .ARM.Collect$$rtexit$$00000002  c_w.l(rtexit2.o)
    0x08000250   0x08000250   0x00000004   Code   RO         4540    .ARM.Collect$$rtexit$$00000003  c_w.l(rtexit2.o)
    0x08000254   0x08000254   0x00000006   Code   RO         4541    .ARM.Collect$$rtexit$$00000004  c_w.l(rtexit2.o)
    0x0800025a   0x0800025a   0x00000002   PAD
    0x0800025c   0x0800025c   0x00000000   Code   RO         4456    .emb_text           c_w.l(maybetermalloc1.o)
    0x0800025c   0x0800025c   0x00000040   Code   RO            4    .text               startup_stm32f303xe.o
    0x0800029c   0x0800029c   0x0000005e   Code   RO         4210    .text               c_w.l(h1_alloc.o)
    0x080002fa   0x080002fa   0x0000004e   Code   RO         4212    .text               c_w.l(h1_free.o)
    0x08000348   0x08000348   0x000000ee   Code   RO         4268    .text               c_w.l(lludivv7m.o)
    0x08000436   0x08000436   0x0000004e   Code   RO         4274    .text               c_w.l(rt_memclr_w.o)
    0x08000484   0x08000484   0x00000006   Code   RO         4276    .text               c_w.l(heapauxi.o)
    0x0800048a   0x0800048a   0x00000002   PAD
    0x0800048c   0x0800048c   0x00000008   Code   RO         4322    .text               c_w.l(rt_heap_descriptor_intlibspace.o)
    0x08000494   0x08000494   0x00000004   Code   RO         4324    .text               c_w.l(hguard.o)
    0x08000498   0x08000498   0x0000008a   Code   RO         4326    .text               c_w.l(init_alloc.o)
    0x08000522   0x08000522   0x0000000e   Code   RO         4330    .text               c_w.l(h1_init.o)
    0x08000530   0x08000530   0x00000016   Code   RO         4344    .text               c_w.l(_rserrno.o)
    0x08000546   0x08000546   0x00000002   PAD
    0x08000548   0x08000548   0x00000008   Code   RO         4429    .text               c_w.l(libspace.o)
    0x08000550   0x08000550   0x00000008   Code   RO         4452    .text               c_w.l(rt_errno_addr_intlibspace.o)
    0x08000558   0x08000558   0x00000034   Code   RO         4458    .text               c_w.l(h1_extend.o)
    0x0800058c   0x0800058c   0x0000000e   Code   RO         4462    .text               c_w.l(defsig_rtmem_outer.o)
    0x0800059a   0x0800059a   0x00000002   Code   RO         4475    .text               c_w.l(use_no_semi.o)
    0x0800059c   0x0800059c   0x00000000   Code   RO         4477    .text               c_w.l(indicate_semi.o)
    0x0800059c   0x0800059c   0x0000004a   Code   RO         4478    .text               c_w.l(sys_stackheap_outer.o)
    0x080005e6   0x080005e6   0x00000012   Code   RO         4484    .text               c_w.l(exit.o)
    0x080005f8   0x080005f8   0x0000000a   Code   RO         4486    .text               c_w.l(defsig_exit.o)
    0x08000602   0x08000602   0x00000002   PAD
    0x08000604   0x08000604   0x00000050   Code   RO         4492    .text               c_w.l(defsig_rtmem_inner.o)
    0x08000654   0x08000654   0x0000000c   Code   RO         4504    .text               c_w.l(sys_exit.o)
    0x08000660   0x08000660   0x00000032   Code   RO         4514    .text               c_w.l(defsig_general.o)
    0x08000692   0x08000692   0x0000000e   Code   RO         4536    .text               c_w.l(sys_wrch.o)
    0x080006a0   0x080006a0   0x00000044   Code   RO          677    i.ADC_DMAConvCplt   stm32f3xx_hal_adc_ex.o
    0x080006e4   0x080006e4   0x00000016   Code   RO          678    i.ADC_DMAError      stm32f3xx_hal_adc_ex.o
    0x080006fa   0x080006fa   0x00000006   Code   RO          679    i.ADC_DMAHalfConvCplt  stm32f3xx_hal_adc_ex.o
    0x08000700   0x08000700   0x00000062   Code   RO          680    i.ADC_Disable       stm32f3xx_hal_adc_ex.o
    0x08000762   0x08000762   0x00000002   PAD
    0x08000764   0x08000764   0x00000060   Code   RO          681    i.ADC_Enable        stm32f3xx_hal_adc_ex.o
    0x080007c4   0x080007c4   0x00000002   Code   RO          359    i.BusFault_Handler  stm32f3xx_it.o
    0x080007c6   0x080007c6   0x00000002   PAD
    0x080007c8   0x080007c8   0x00000064   Code   RO           13    i.CAN_Msg_Send      bms_lv.o
    0x0800082c   0x0800082c   0x00000178   Code   RO           14    i.CAN_Tx            bms_lv.o
    0x080009a4   0x080009a4   0x00000070   Code   RO           15    i.CoreBmsLV         bms_lv.o
    0x08000a14   0x08000a14   0x0000000c   Code   RO          360    i.DMA2_Channel1_IRQHandler  stm32f3xx_it.o
    0x08000a20   0x08000a20   0x0000003c   Code   RO         1327    i.DMA_CalcBaseAndBitshift  stm32f3xx_hal_dma.o
    0x08000a5c   0x08000a5c   0x0000002a   Code   RO         1328    i.DMA_SetConfig     stm32f3xx_hal_dma.o
    0x08000a86   0x08000a86   0x00000002   Code   RO          361    i.DebugMon_Handler  stm32f3xx_it.o
    0x08000a88   0x08000a88   0x0000002c   Code   RO          266    i.Error_Handler     main.o
    0x08000ab4   0x08000ab4   0x00000124   Code   RO           16    i.GetVoltagesandTemperature  bms_lv.o
    0x08000bd8   0x08000bd8   0x00000394   Code   RO          705    i.HAL_ADC_ConfigChannel  stm32f3xx_hal_adc_ex.o
    0x08000f6c   0x08000f6c   0x00000002   Code   RO           17    i.HAL_ADC_ConvCpltCallback  bms_lv.o
    0x08000f6e   0x08000f6e   0x00000002   Code   RO          529    i.HAL_ADC_ConvHalfCpltCallback  stm32f3xx_hal_adc.o
    0x08000f70   0x08000f70   0x00000002   Code   RO          531    i.HAL_ADC_ErrorCallback  stm32f3xx_hal_adc.o
    0x08000f72   0x08000f72   0x00000002   PAD
    0x08000f74   0x08000f74   0x00000278   Code   RO          709    i.HAL_ADC_Init      stm32f3xx_hal_adc_ex.o
    0x080011ec   0x080011ec   0x00000090   Code   RO          454    i.HAL_ADC_MspInit   stm32f3xx_hal_msp.o
    0x0800127c   0x0800127c   0x0000014c   Code   RO          713    i.HAL_ADC_Start_DMA  stm32f3xx_hal_adc_ex.o
    0x080013c8   0x080013c8   0x00000046   Code   RO         2476    i.HAL_CAN_AbortTxRequest  stm32f3xx_hal_can.o
    0x0800140e   0x0800140e   0x00000024   Code   RO         2477    i.HAL_CAN_ActivateNotification  stm32f3xx_hal_can.o
    0x08001432   0x08001432   0x000000dc   Code   RO         2478    i.HAL_CAN_AddTxMessage  stm32f3xx_hal_can.o
    0x0800150e   0x0800150e   0x00000002   PAD
    0x08001510   0x08001510   0x000000ee   Code   RO         2479    i.HAL_CAN_ConfigFilter  stm32f3xx_hal_can.o
    0x080015fe   0x080015fe   0x00000002   Code   RO         2482    i.HAL_CAN_ErrorCallback  stm32f3xx_hal_can.o
    0x08001600   0x08001600   0x000000e8   Code   RO         2485    i.HAL_CAN_GetRxMessage  stm32f3xx_hal_can.o
    0x080016e8   0x080016e8   0x0000002c   Code   RO         2487    i.HAL_CAN_GetTxMailboxesFreeLevel  stm32f3xx_hal_can.o
    0x08001714   0x08001714   0x000001fc   Code   RO         2489    i.HAL_CAN_IRQHandler  stm32f3xx_hal_can.o
    0x08001910   0x08001910   0x0000011a   Code   RO         2490    i.HAL_CAN_Init      stm32f3xx_hal_can.o
    0x08001a2a   0x08001a2a   0x00000002   PAD
    0x08001a2c   0x08001a2c   0x00000074   Code   RO          456    i.HAL_CAN_MspInit   stm32f3xx_hal_msp.o
    0x08001aa0   0x08001aa0   0x00000022   Code   RO         2496    i.HAL_CAN_ResetError  stm32f3xx_hal_can.o
    0x08001ac2   0x08001ac2   0x00000002   Code   RO         2497    i.HAL_CAN_RxFifo0FullCallback  stm32f3xx_hal_can.o
    0x08001ac4   0x08001ac4   0x00000028   Code   RO           18    i.HAL_CAN_RxFifo0MsgPendingCallback  bms_lv.o
    0x08001aec   0x08001aec   0x00000002   Code   RO         2499    i.HAL_CAN_RxFifo1FullCallback  stm32f3xx_hal_can.o
    0x08001aee   0x08001aee   0x00000002   Code   RO         2500    i.HAL_CAN_RxFifo1MsgPendingCallback  stm32f3xx_hal_can.o
    0x08001af0   0x08001af0   0x00000002   Code   RO         2501    i.HAL_CAN_SleepCallback  stm32f3xx_hal_can.o
    0x08001af2   0x08001af2   0x00000002   PAD
    0x08001af4   0x08001af4   0x00000058   Code   RO         2502    i.HAL_CAN_Start     stm32f3xx_hal_can.o
    0x08001b4c   0x08001b4c   0x00000002   Code   RO         2504    i.HAL_CAN_TxMailbox0AbortCallback  stm32f3xx_hal_can.o
    0x08001b4e   0x08001b4e   0x00000002   Code   RO         2505    i.HAL_CAN_TxMailbox0CompleteCallback  stm32f3xx_hal_can.o
    0x08001b50   0x08001b50   0x00000002   Code   RO         2506    i.HAL_CAN_TxMailbox1AbortCallback  stm32f3xx_hal_can.o
    0x08001b52   0x08001b52   0x00000002   Code   RO         2507    i.HAL_CAN_TxMailbox1CompleteCallback  stm32f3xx_hal_can.o
    0x08001b54   0x08001b54   0x00000002   Code   RO         2508    i.HAL_CAN_TxMailbox2AbortCallback  stm32f3xx_hal_can.o
    0x08001b56   0x08001b56   0x00000002   Code   RO         2509    i.HAL_CAN_TxMailbox2CompleteCallback  stm32f3xx_hal_can.o
    0x08001b58   0x08001b58   0x00000002   Code   RO         2511    i.HAL_CAN_WakeUpFromRxMsgCallback  stm32f3xx_hal_can.o
    0x08001b5a   0x08001b5a   0x000000a8   Code   RO         1334    i.HAL_DMA_IRQHandler  stm32f3xx_hal_dma.o
    0x08001c02   0x08001c02   0x0000004e   Code   RO         1335    i.HAL_DMA_Init      stm32f3xx_hal_dma.o
    0x08001c50   0x08001c50   0x00000070   Code   RO         1339    i.HAL_DMA_Start_IT  stm32f3xx_hal_dma.o
    0x08001cc0   0x08001cc0   0x00000024   Code   RO          947    i.HAL_Delay         stm32f3xx_hal.o
    0x08001ce4   0x08001ce4   0x000001d0   Code   RO         1264    i.HAL_GPIO_Init     stm32f3xx_hal_gpio.o
    0x08001eb4   0x08001eb4   0x00000010   Code   RO         1267    i.HAL_GPIO_TogglePin  stm32f3xx_hal_gpio.o
    0x08001ec4   0x08001ec4   0x0000000a   Code   RO         1268    i.HAL_GPIO_WritePin  stm32f3xx_hal_gpio.o
    0x08001ece   0x08001ece   0x00000002   PAD
    0x08001ed0   0x08001ed0   0x0000000c   Code   RO          951    i.HAL_GetTick       stm32f3xx_hal.o
    0x08001edc   0x08001edc   0x00000010   Code   RO          957    i.HAL_IncTick       stm32f3xx_hal.o
    0x08001eec   0x08001eec   0x00000024   Code   RO          958    i.HAL_Init          stm32f3xx_hal.o
    0x08001f10   0x08001f10   0x00000040   Code   RO          959    i.HAL_InitTick      stm32f3xx_hal.o
    0x08001f50   0x08001f50   0x0000002c   Code   RO          457    i.HAL_MspInit       stm32f3xx_hal_msp.o
    0x08001f7c   0x08001f7c   0x0000001a   Code   RO         1432    i.HAL_NVIC_EnableIRQ  stm32f3xx_hal_cortex.o
    0x08001f96   0x08001f96   0x00000002   PAD
    0x08001f98   0x08001f98   0x00000040   Code   RO         1438    i.HAL_NVIC_SetPriority  stm32f3xx_hal_cortex.o
    0x08001fd8   0x08001fd8   0x00000024   Code   RO         1439    i.HAL_NVIC_SetPriorityGrouping  stm32f3xx_hal_cortex.o
    0x08001ffc   0x08001ffc   0x00000294   Code   RO         1221    i.HAL_RCCEx_PeriphCLKConfig  stm32f3xx_hal_rcc_ex.o
    0x08002290   0x08002290   0x00000002   Code   RO         1114    i.HAL_RCC_CSSCallback  stm32f3xx_hal_rcc.o
    0x08002292   0x08002292   0x00000002   PAD
    0x08002294   0x08002294   0x00000148   Code   RO         1115    i.HAL_RCC_ClockConfig  stm32f3xx_hal_rcc.o
    0x080023dc   0x080023dc   0x00000018   Code   RO         1118    i.HAL_RCC_EnableCSS  stm32f3xx_hal_rcc.o
    0x080023f4   0x080023f4   0x00000030   Code   RO         1122    i.HAL_RCC_GetPCLK1Freq  stm32f3xx_hal_rcc.o
    0x08002424   0x08002424   0x00000030   Code   RO         1123    i.HAL_RCC_GetPCLK2Freq  stm32f3xx_hal_rcc.o
    0x08002454   0x08002454   0x00000060   Code   RO         1124    i.HAL_RCC_GetSysClockFreq  stm32f3xx_hal_rcc.o
    0x080024b4   0x080024b4   0x00000018   Code   RO         1126    i.HAL_RCC_NMI_IRQHandler  stm32f3xx_hal_rcc.o
    0x080024cc   0x080024cc   0x000005c0   Code   RO         1127    i.HAL_RCC_OscConfig  stm32f3xx_hal_rcc.o
    0x08002a8c   0x08002a8c   0x00000028   Code   RO         1443    i.HAL_SYSTICK_Config  stm32f3xx_hal_cortex.o
    0x08002ab4   0x08002ab4   0x00000002   Code   RO         3426    i.HAL_TIMEx_Break2Callback  stm32f3xx_hal_tim_ex.o
    0x08002ab6   0x08002ab6   0x00000002   Code   RO         3427    i.HAL_TIMEx_BreakCallback  stm32f3xx_hal_tim_ex.o
    0x08002ab8   0x08002ab8   0x00000002   Code   RO         3428    i.HAL_TIMEx_CommutCallback  stm32f3xx_hal_tim_ex.o
    0x08002aba   0x08002aba   0x00000002   PAD
    0x08002abc   0x08002abc   0x000000a0   Code   RO         3447    i.HAL_TIMEx_MasterConfigSynchronization  stm32f3xx_hal_tim_ex.o
    0x08002b5c   0x08002b5c   0x00000062   Code   RO         2712    i.HAL_TIM_Base_Init  stm32f3xx_hal_tim.o
    0x08002bbe   0x08002bbe   0x00000002   PAD
    0x08002bc0   0x08002bc0   0x0000003c   Code   RO          459    i.HAL_TIM_Base_MspInit  stm32f3xx_hal_msp.o
    0x08002bfc   0x08002bfc   0x00000080   Code   RO         2717    i.HAL_TIM_Base_Start_IT  stm32f3xx_hal_tim.o
    0x08002c7c   0x08002c7c   0x000000dc   Code   RO         2721    i.HAL_TIM_ConfigClockSource  stm32f3xx_hal_tim.o
    0x08002d58   0x08002d58   0x00000002   Code   RO         2746    i.HAL_TIM_IC_CaptureCallback  stm32f3xx_hal_tim.o
    0x08002d5a   0x08002d5a   0x00000184   Code   RO         2760    i.HAL_TIM_IRQHandler  stm32f3xx_hal_tim.o
    0x08002ede   0x08002ede   0x00000002   Code   RO         2763    i.HAL_TIM_OC_DelayElapsedCallback  stm32f3xx_hal_tim.o
    0x08002ee0   0x08002ee0   0x00000002   Code   RO         2790    i.HAL_TIM_PWM_PulseFinishedCallback  stm32f3xx_hal_tim.o
    0x08002ee2   0x08002ee2   0x00000002   PAD
    0x08002ee4   0x08002ee4   0x0000001c   Code   RO           19    i.HAL_TIM_PeriodElapsedCallback  bms_lv.o
    0x08002f00   0x08002f00   0x00000002   Code   RO         2803    i.HAL_TIM_TriggerCallback  stm32f3xx_hal_tim.o
    0x08002f02   0x08002f02   0x00000066   Code   RO         3734    i.HAL_UART_Init     stm32f3xx_hal_uart.o
    0x08002f68   0x08002f68   0x000000a4   Code   RO          461    i.HAL_UART_MspInit  stm32f3xx_hal_msp.o
    0x0800300c   0x0800300c   0x000000f8   Code   RO         3737    i.HAL_UART_Receive  stm32f3xx_hal_uart.o
    0x08003104   0x08003104   0x000000b6   Code   RO         3743    i.HAL_UART_Transmit  stm32f3xx_hal_uart.o
    0x080031ba   0x080031ba   0x00000002   Code   RO          362    i.HardFault_Handler  stm32f3xx_it.o
    0x080031bc   0x080031bc   0x00000024   Code   RO           20    i.LedBlinking       bms_lv.o
    0x080031e0   0x080031e0   0x0000006c   Code   RO          267    i.MX_ADC2_Init      main.o
    0x0800324c   0x0800324c   0x00000074   Code   RO          268    i.MX_CAN_Init       main.o
    0x080032c0   0x080032c0   0x0000011c   Code   RO          269    i.MX_GPIO_Init      main.o
    0x080033dc   0x080033dc   0x00000060   Code   RO          270    i.MX_TIM3_Init      main.o
    0x0800343c   0x0800343c   0x00000038   Code   RO          271    i.MX_USART1_UART_Init  main.o
    0x08003474   0x08003474   0x0000003c   Code   RO          272    i.MX_USART2_UART_Init  main.o
    0x080034b0   0x080034b0   0x00000002   Code   RO          363    i.MemManage_Handler  stm32f3xx_it.o
    0x080034b2   0x080034b2   0x00000006   Code   RO          364    i.NMI_Handler       stm32f3xx_it.o
    0x080034b8   0x080034b8   0x00000054   Code   RO          273    i.Notify_Error      main.o
    0x0800350c   0x0800350c   0x00000002   Code   RO          365    i.PendSV_Handler    stm32f3xx_it.o
    0x0800350e   0x0800350e   0x00000002   PAD
    0x08003510   0x08003510   0x0000004c   Code   RO           22    i.Ping_Mng          bms_lv.o
    0x0800355c   0x0800355c   0x00000002   Code   RO          366    i.SVC_Handler       stm32f3xx_it.o
    0x0800355e   0x0800355e   0x00000002   PAD
    0x08003560   0x08003560   0x00000284   Code   RO           24    i.SetupBmsLV        bms_lv.o
    0x080037e4   0x080037e4   0x00000004   Code   RO          367    i.SysTick_Handler   stm32f3xx_it.o
    0x080037e8   0x080037e8   0x0000007c   Code   RO          274    i.SystemClock_Config  main.o
    0x08003864   0x08003864   0x00000010   Code   RO         4170    i.SystemInit        system_stm32f3xx.o
    0x08003874   0x08003874   0x0000000c   Code   RO          368    i.TIM3_IRQHandler   stm32f3xx_it.o
    0x08003880   0x08003880   0x000000c4   Code   RO         2805    i.TIM_Base_SetConfig  stm32f3xx_hal_tim.o
    0x08003944   0x08003944   0x00000014   Code   RO         2816    i.TIM_ETR_SetConfig  stm32f3xx_hal_tim.o
    0x08003958   0x08003958   0x00000010   Code   RO         2817    i.TIM_ITRx_SetConfig  stm32f3xx_hal_tim.o
    0x08003968   0x08003968   0x00000022   Code   RO         2825    i.TIM_TI1_ConfigInputStage  stm32f3xx_hal_tim.o
    0x0800398a   0x0800398a   0x00000024   Code   RO         2827    i.TIM_TI2_ConfigInputStage  stm32f3xx_hal_tim.o
    0x080039ae   0x080039ae   0x000000c8   Code   RO         3748    i.UART_AdvFeatureConfig  stm32f3xx_hal_uart.o
    0x08003a76   0x08003a76   0x0000005c   Code   RO         3749    i.UART_CheckIdleState  stm32f3xx_hal_uart.o
    0x08003ad2   0x08003ad2   0x00000002   PAD
    0x08003ad4   0x08003ad4   0x000001c8   Code   RO         3764    i.UART_SetConfig    stm32f3xx_hal_uart.o
    0x08003c9c   0x08003c9c   0x000000a4   Code   RO         3769    i.UART_WaitOnFlagUntilTimeout  stm32f3xx_hal_uart.o
    0x08003d40   0x08003d40   0x0000000c   Code   RO          369    i.USB_LP_CAN_RX0_IRQHandler  stm32f3xx_it.o
    0x08003d4c   0x08003d4c   0x00000074   Code   RO           25    i.Uart_Send_CMD     bms_lv.o
    0x08003dc0   0x08003dc0   0x00000002   Code   RO          370    i.UsageFault_Handler  stm32f3xx_it.o
    0x08003dc2   0x08003dc2   0x00000020   Code   RO         1445    i.__NVIC_SetPriority  stm32f3xx_hal_cortex.o
    0x08003de2   0x08003de2   0x00000006   PAD
    0x08003de8   0x08003de8   0x000003c4   Code   RO         4298    i.__hardfp_log      m_wm.l(log.o)
    0x080041ac   0x080041ac   0x000000f8   Code   RO         4424    i.__kernel_poly     m_wm.l(poly.o)
    0x080042a4   0x080042a4   0x00000004   PAD
    0x080042a8   0x080042a8   0x00000030   Code   RO         4410    i.__mathlib_dbl_divzero  m_wm.l(dunder.o)
    0x080042d8   0x080042d8   0x00000014   Code   RO         4411    i.__mathlib_dbl_infnan  m_wm.l(dunder.o)
    0x080042ec   0x080042ec   0x00000004   PAD
    0x080042f0   0x080042f0   0x00000020   Code   RO         4413    i.__mathlib_dbl_invalid  m_wm.l(dunder.o)
    0x08004310   0x08004310   0x00000024   Code   RO           27    i.crc16             bms_lv.o
    0x08004334   0x08004334   0x0000002c   Code   RO           28    i.delay_fun         bms_lv.o
    0x08004360   0x08004360   0x00000074   Code   RO          275    i.main              main.o
    0x080043d4   0x080043d4   0x00000018   Code   RO         4393    x$fpl$basic         fz_wm.l(basic.o)
    0x080043ec   0x080043ec   0x00000150   Code   RO         4280    x$fpl$dadd          fz_wm.l(daddsub_clz.o)
    0x0800453c   0x0800453c   0x00000018   Code   RO         4471    x$fpl$dcmpinf       fz_wm.l(dcmpi.o)
    0x08004554   0x08004554   0x000002b0   Code   RO         4287    x$fpl$ddiv          fz_wm.l(ddiv.o)
    0x08004804   0x08004804   0x00000078   Code   RO         4395    x$fpl$deqf          fz_wm.l(deqf.o)
    0x0800487c   0x0800487c   0x0000005a   Code   RO         4290    x$fpl$dfixu         fz_wm.l(dfixu.o)
    0x080048d6   0x080048d6   0x0000002e   Code   RO         4398    x$fpl$dflt          fz_wm.l(dflt_clz.o)
    0x08004904   0x08004904   0x00000154   Code   RO         4294    x$fpl$dmul          fz_wm.l(dmul.o)
    0x08004a58   0x08004a58   0x0000009c   Code   RO         4403    x$fpl$dnaninf       fz_wm.l(dnaninf.o)
    0x08004af4   0x08004af4   0x0000000c   Code   RO         4405    x$fpl$dretinf       fz_wm.l(dretinf.o)
    0x08004b00   0x08004b00   0x00000016   Code   RO         4281    x$fpl$drsb          fz_wm.l(daddsub_clz.o)
    0x08004b16   0x08004b16   0x00000002   PAD
    0x08004b18   0x08004b18   0x000001d4   Code   RO         4282    x$fpl$dsub          fz_wm.l(daddsub_clz.o)
    0x08004cec   0x08004cec   0x00000056   Code   RO         4296    x$fpl$f2d           fz_wm.l(f2d.o)
    0x08004d42   0x08004d42   0x0000008c   Code   RO         4407    x$fpl$fnaninf       fz_wm.l(fnaninf.o)
    0x08004dce   0x08004dce   0x0000000a   Code   RO         4473    x$fpl$fpinit        fz_wm.l(fpinit.o)
    0x08004dd8   0x08004dd8   0x00000000   Code   RO         4409    x$fpl$usenofp       fz_wm.l(usenofp.o)
    0x08004dd8   0x08004dd8   0x00000020   Data   RO         1128    .constdata          stm32f3xx_hal_rcc.o
    0x08004df8   0x08004df8   0x00000010   Data   RO         4171    .constdata          system_stm32f3xx.o
    0x08004e08   0x08004e08   0x00000008   Data   RO         4172    .constdata          system_stm32f3xx.o
    0x08004e10   0x08004e10   0x00000038   Data   RO         4301    .constdata          m_wm.l(log.o)
    0x08004e48   0x08004e48   0x00000008   Data   RO         4426    .constdata          m_wm.l(qnan.o)
    0x08004e50   0x08004e50   0x00000020   Data   RO         4564    Region$$Table       anon$$obj.o


    Execution Region RW_IRAM2 (Exec base: 0x10000000, Load base: 0x08005080, Size: 0x00000000, Max: 0x00004000, ABSOLUTE)

    **** No section assigned to this execution region ****


    Execution Region RW_IRAM1 (Exec base: 0x20000000, Load base: 0x08004e70, Size: 0x00000b60, Max: 0x00010000, ABSOLUTE, COMPRESSED[0x00000210])

    Exec Addr    Load Addr    Size         Type   Attr      Idx    E Section Name        Object

    0x20000000   COMPRESSED   0x00000234   Data   RW           31    .data               bms_lv.o
    0x20000234   COMPRESSED   0x00000004   Data   RW          278    .data               main.o
    0x20000238   COMPRESSED   0x0000000c   Data   RW          965    .data               stm32f3xx_hal.o
    0x20000244   COMPRESSED   0x00000004   Data   RW         4173    .data               system_stm32f3xx.o
    0x20000248        -       0x0000007c   Zero   RW           29    .bss                bms_lv.o
    0x200002c4        -       0x000001f4   Zero   RW          276    .bss                main.o
    0x200004b8        -       0x00000044   Zero   RW          277    .bss                main.o
    0x200004fc        -       0x00000060   Zero   RW         4430    .bss                c_w.l(libspace.o)
    0x2000055c   COMPRESSED   0x00000004   PAD
    0x20000560        -       0x00000200   Zero   RW            2    HEAP                startup_stm32f303xe.o
    0x20000760        -       0x00000400   Zero   RW            1    STACK               startup_stm32f303xe.o


==============================================================================

Image component sizes


      Code (inc. data)   RO Data    RW Data    ZI Data      Debug   Object Name

      1902        168          0        564        124     723882   bms_lv.o
      1088        104          0          4        568       6894   main.o
        64         26        404          0       1536        872   startup_stm32f303xe.o
       164         28          0         12          0      16921   stm32f3xx_hal.o
         4          0          0          0          0       1571   stm32f3xx_hal_adc.o
      2170        100          0          0          0       8155   stm32f3xx_hal_adc_ex.o
      1776          0          0          0          0      17199   stm32f3xx_hal_can.o
       198         14          0          0          0      34119   stm32f3xx_hal_cortex.o
       460         12          0          0          0       4415   stm32f3xx_hal_dma.o
       490         36          0          0          0       3209   stm32f3xx_hal_gpio.o
       528         68          0          0          0       4052   stm32f3xx_hal_msp.o
      2042         82         32          0          0       7771   stm32f3xx_hal_rcc.o
       660         12          0          0          0       1740   stm32f3xx_hal_rcc_ex.o
      1144         66          0          0          0      10585   stm32f3xx_hal_tim.o
       166         24          0          0          0       3212   stm32f3xx_hal_tim_ex.o
      1444         52          0          0          0       7736   stm32f3xx_hal_uart.o
        60         18          0          0          0       5955   stm32f3xx_it.o
        16          4         24          4          0       1211   system_stm32f3xx.o

    ----------------------------------------------------------------------
     14412        814        492        584       2228     859499   Object Totals
         0          0         32          0          0          0   (incl. Generated)
        36          0          0          0          0          0   (incl. Padding)

    ----------------------------------------------------------------------

      Code (inc. data)   RO Data    RW Data    ZI Data      Debug   Library Member Name

        58          0          0          0          0          0   __dczerorl.o
         8          0          0          0          0         68   __main.o
         0          0          0          0          0          0   __rtentry.o
        12          0          0          0          0          0   __rtentry2.o
         6          0          0          0          0          0   __rtentry4.o
        52          8          0          0          0          0   __scatter.o
        28          0          0          0          0          0   __scatter_zi.o
        22          0          0          0          0        100   _rserrno.o
        10          0          0          0          0         68   defsig_exit.o
        50          0          0          0          0         88   defsig_general.o
        80         58          0          0          0         76   defsig_rtmem_inner.o
        14          0          0          0          0         80   defsig_rtmem_outer.o
        18          0          0          0          0         80   exit.o
        94          0          0          0          0         80   h1_alloc.o
        52          0          0          0          0         68   h1_extend.o
        78          0          0          0          0         80   h1_free.o
        14          0          0          0          0         84   h1_init.o
         6          0          0          0          0        152   heapauxi.o
         4          0          0          0          0        136   hguard.o
         0          0          0          0          0          0   indicate_semi.o
       138          0          0          0          0        168   init_alloc.o
         2          0          0          0          0          0   libinit.o
        14          0          0          0          0          0   libinit2.o
         2          0          0          0          0          0   libshutdown.o
         2          0          0          0          0          0   libshutdown2.o
         8          4          0          0         96         68   libspace.o
       238          0          0          0          0        100   lludivv7m.o
         0          0          0          0          0          0   maybetermalloc1.o
         8          4          0          0          0         68   rt_errno_addr_intlibspace.o
         8          4          0          0          0         68   rt_heap_descriptor_intlibspace.o
        78          0          0          0          0         80   rt_memclr_w.o
         2          0          0          0          0          0   rtexit.o
        10          0          0          0          0          0   rtexit2.o
        12          4          0          0          0         68   sys_exit.o
        74          0          0          0          0         80   sys_stackheap_outer.o
        14          0          0          0          0         76   sys_wrch.o
         2          0          0          0          0         68   use_no_semi.o
        24          0          0          0          0        164   basic.o
       826         16          0          0          0        492   daddsub_clz.o
        24          0          0          0          0        116   dcmpi.o
       688        140          0          0          0        256   ddiv.o
       120          4          0          0          0        140   deqf.o
        90          4          0          0          0        140   dfixu.o
        46          0          0          0          0        116   dflt_clz.o
       340         12          0          0          0        152   dmul.o
       156          4          0          0          0        140   dnaninf.o
        12          0          0          0          0        116   dretinf.o
        86          4          0          0          0        132   f2d.o
       140          4          0          0          0        132   fnaninf.o
        10          0          0          0          0        116   fpinit.o
         0          0          0          0          0          0   usenofp.o
       100         28          0          0          0        372   dunder.o
       964         92         56          0          0        316   log.o
       248          0          0          0          0        152   poly.o
         0          0          8          0          0          0   qnan.o

    ----------------------------------------------------------------------
      5112        390         64          0        100       5056   Library Totals
        20          0          0          0          4          0   (incl. Padding)

    ----------------------------------------------------------------------

      Code (inc. data)   RO Data    RW Data    ZI Data      Debug   Library Name

      1218         82          0          0         96       2004   c_w.l
      2562        188          0          0          0       2212   fz_wm.l
      1312        120         64          0          0        840   m_wm.l

    ----------------------------------------------------------------------
      5112        390         64          0        100       5056   Library Totals

    ----------------------------------------------------------------------

==============================================================================


      Code (inc. data)   RO Data    RW Data    ZI Data      Debug   

     19524       1204        556        584       2328     850015   Grand Totals
     19524       1204        556        528       2328     850015   ELF Image Totals (compressed)
     19524       1204        556        528          0          0   ROM Totals

==============================================================================

    Total RO  Size (Code + RO Data)                20080 (  19.61kB)
    Total RW  Size (RW Data + ZI Data)              2912 (   2.84kB)
    Total ROM Size (Code + RO Data + RW Data)      20608 (  20.13kB)

==============================================================================

